2026-06-16T14:46:53.734259+00:00 ubuntu-soc systemd[1]: Queued start job for default target graphical.target.
2026-06-16T14:46:53.745685+00:00 ubuntu-soc systemd[1]: systemd-journald.service: Deactivated successfully.
2026-06-16T14:46:53.745708+00:00 ubuntu-soc lvm[823]:   1 logical volume(s) in volume group "ubuntu-vg" monitored
2026-06-16T14:46:53.745716+00:00 ubuntu-soc systemd[1]: Mounted dev-hugepages.mount - Huge Pages File System.
2026-06-16T14:46:53.745719+00:00 ubuntu-soc systemd[1]: Mounted dev-mqueue.mount - POSIX Message Queue File System.
2026-06-16T14:46:53.745723+00:00 ubuntu-soc systemd[1]: Mounted sys-kernel-debug.mount - Kernel Debug File System.
2026-06-16T14:46:53.745726+00:00 ubuntu-soc systemd[1]: Mounted sys-kernel-tracing.mount - Kernel Trace File System.
2026-06-16T14:46:53.745729+00:00 ubuntu-soc systemd[1]: Finished keyboard-setup.service - Set the console keyboard layout.
2026-06-16T14:46:53.745744+00:00 ubuntu-soc systemd-modules-load[829]: Using 2 probe threads
2026-06-16T14:46:53.745748+00:00 ubuntu-soc systemd-modules-load[829]: Module 'i2c_dev' is built in
2026-06-16T14:46:53.745751+00:00 ubuntu-soc systemd[1]: Finished kmod-static-nodes.service - Create List of Static Device Nodes.
2026-06-16T14:46:53.745754+00:00 ubuntu-soc systemd[1]: Finished lvm2-monitor.service - Monitoring of LVM2 mirrors, snapshots etc. using dmeventd or progress polling.
2026-06-16T14:46:53.745757+00:00 ubuntu-soc systemd[1]: modprobe@dm_multipath.service: Deactivated successfully.
2026-06-16T14:46:53.745588+00:00 ubuntu-soc kernel: Linux version 7.0.0-14-generic (buildd@lcy02-amd64-043) (x86_64-linux-gnu-gcc (Ubuntu 15.2.0-16ubuntu1) 15.2.0, GNU ld (GNU Binutils for Ubuntu) 2.46) #14-Ubuntu SMP PREEMPT_DYNAMIC Mon Apr 13 11:09:53 UTC 2026 (Ubuntu 7.0.0-14.14-generic 7.0.0)
2026-06-16T14:46:53.746172+00:00 ubuntu-soc kernel: Command line: BOOT_IMAGE=/vmlinuz-7.0.0-14-generic root=/dev/mapper/ubuntu--vg-ubuntu--lv ro crashkernel=2G-4G:320M,4G-32G:512M,32G-64G:1024M,64G-128G:2048M,128G-:4096M
2026-06-16T14:46:53.746183+00:00 ubuntu-soc kernel: KERNEL supported cpus:
2026-06-16T14:46:53.746184+00:00 ubuntu-soc kernel:   Intel GenuineIntel
2026-06-16T14:46:53.746185+00:00 ubuntu-soc kernel:   AMD AuthenticAMD
2026-06-16T14:46:53.746185+00:00 ubuntu-soc kernel:   Hygon HygonGenuine
2026-06-16T14:46:53.746185+00:00 ubuntu-soc kernel:   Centaur CentaurHauls
2026-06-16T14:46:53.746186+00:00 ubuntu-soc kernel:   zhaoxin   Shanghai  
2026-06-16T14:46:53.746190+00:00 ubuntu-soc kernel: BIOS-provided physical RAM map:
2026-06-16T14:46:53.746191+00:00 ubuntu-soc kernel: BIOS-e820: [mem 0x0000000000000000-0x000000000009fbff]  System RAM
2026-06-16T14:46:53.746192+00:00 ubuntu-soc kernel: BIOS-e820: [mem 0x000000000009fc00-0x000000000009ffff]  device reserved
2026-06-16T14:46:53.746192+00:00 ubuntu-soc kernel: BIOS-e820: [gap 0x00000000000a0000-0x00000000000effff]
2026-06-16T14:46:53.746192+00:00 ubuntu-soc kernel: BIOS-e820: [mem 0x00000000000f0000-0x00000000000fffff]  device reserved
2026-06-16T14:46:53.746193+00:00 ubuntu-soc kernel: BIOS-e820: [mem 0x0000000000100000-0x000000007ffeffff]  System RAM
2026-06-16T14:46:53.746193+00:00 ubuntu-soc kernel: BIOS-e820: [mem 0x000000007fff0000-0x000000007fffffff]  ACPI data
2026-06-16T14:46:53.746197+00:00 ubuntu-soc kernel: BIOS-e820: [gap 0x0000000080000000-0x00000000febfffff]
2026-06-16T14:46:53.746198+00:00 ubuntu-soc kernel: BIOS-e820: [mem 0x00000000fec00000-0x00000000fec00fff]  device reserved
2026-06-16T14:46:53.746199+00:00 ubuntu-soc kernel: BIOS-e820: [gap 0x00000000fec01000-0x00000000fedfffff]
2026-06-16T14:46:53.746199+00:00 ubuntu-soc kernel: BIOS-e820: [mem 0x00000000fee00000-0x00000000fee00fff]  device reserved
2026-06-16T14:46:53.746199+00:00 ubuntu-soc kernel: BIOS-e820: [gap 0x00000000fee01000-0x00000000fffbffff]
2026-06-16T14:46:53.746200+00:00 ubuntu-soc kernel: BIOS-e820: [mem 0x00000000fffc0000-0x00000000ffffffff]  device reserved
2026-06-16T14:46:53.746204+00:00 ubuntu-soc kernel: NX (Execute Disable) protection: active
2026-06-16T14:46:53.746205+00:00 ubuntu-soc kernel: APIC: Static calls initialized
2026-06-16T14:46:53.746205+00:00 ubuntu-soc kernel: SMBIOS 2.5 present.
2026-06-16T14:46:53.746206+00:00 ubuntu-soc kernel: DMI: innotek GmbH VirtualBox/VirtualBox, BIOS VirtualBox 12/01/2006
2026-06-16T14:46:53.746206+00:00 ubuntu-soc kernel: DMI: Memory slots populated: 0/0
2026-06-16T14:46:53.746206+00:00 ubuntu-soc kernel: Hypervisor detected: KVM
2026-06-16T14:46:53.746210+00:00 ubuntu-soc kernel: last_pfn = 0x80000 max_arch_pfn = 0x400000000
2026-06-16T14:46:53.746211+00:00 ubuntu-soc kernel: kvm-clock: Using msrs 4b564d01 and 4b564d00
2026-06-16T14:46:53.746211+00:00 ubuntu-soc kernel: kvm-clock: using sched offset of 334687795814 cycles
2026-06-16T14:46:53.746212+00:00 ubuntu-soc kernel: clocksource: kvm-clock: mask: 0xffffffffffffffff max_cycles: 0x1cd42e4dffb, max_idle_ns: 881590591483 ns
2026-06-16T14:46:53.746212+00:00 ubuntu-soc kernel: tsc: Detected 2611.200 MHz processor
2026-06-16T14:46:53.746213+00:00 ubuntu-soc kernel: e820: update [mem 0x00000000-0x00000fff] System RAM ==> device reserved
2026-06-16T14:46:53.746213+00:00 ubuntu-soc kernel: e820: remove [mem 0x000a0000-0x000fffff] System RAM
2026-06-16T14:46:53.746216+00:00 ubuntu-soc kernel: last_pfn = 0x80000 max_arch_pfn = 0x400000000
2026-06-16T14:46:53.746218+00:00 ubuntu-soc kernel: MTRR map: 3 entries (3 fixed + 0 variable; max 19), built from 8 variable MTRRs
2026-06-16T14:46:53.746218+00:00 ubuntu-soc kernel: x86/PAT: Configuration [0-7]: WB  WC  UC- UC  WB  WP  UC- WT  
2026-06-16T14:46:53.746218+00:00 ubuntu-soc kernel: CPU MTRRs all blank - virtualized system.
2026-06-16T14:46:53.746219+00:00 ubuntu-soc kernel: found SMP MP-table at [mem 0x0009fbf0-0x0009fbff]
2026-06-16T14:46:53.746219+00:00 ubuntu-soc kernel: RAMDISK: [mem 0x307ed000-0x343edfff]
2026-06-16T14:46:53.746223+00:00 ubuntu-soc kernel: ACPI: Early table checksum verification disabled
2026-06-16T14:46:53.746224+00:00 ubuntu-soc kernel: ACPI: RSDP 0x00000000000E0000 000024 (v02 VBOX  )
2026-06-16T14:46:53.746224+00:00 ubuntu-soc kernel: ACPI: XSDT 0x000000007FFF0030 00003C (v01 VBOX   VBOXXSDT 00000001 ASL  00000061)
2026-06-16T14:46:53.746225+00:00 ubuntu-soc kernel: ACPI: FACP 0x000000007FFF00F0 0000F4 (v04 VBOX   VBOXFACP 00000001 ASL  00000061)
2026-06-16T14:46:53.746225+00:00 ubuntu-soc kernel: ACPI: DSDT 0x000000007FFF02F0 002353 (v02 VBOX   VBOXBIOS 00000002 VBOX 0002A6A2)
2026-06-16T14:46:53.746226+00:00 ubuntu-soc kernel: ACPI: FACS 0x000000007FFF0200 000040
2026-06-16T14:46:53.746229+00:00 ubuntu-soc kernel: ACPI: FACS 0x000000007FFF0200 000040
2026-06-16T14:46:53.746232+00:00 ubuntu-soc kernel: ACPI: APIC 0x000000007FFF0240 00005C (v02 VBOX   VBOXAPIC 00000001 ASL  00000061)
2026-06-16T14:46:53.746233+00:00 ubuntu-soc kernel: ACPI: SSDT 0x000000007FFF02A0 000045 (v01 VBOX   VBOXCPUT 00000002 VBOX 0002A6A2)
2026-06-16T14:46:53.746233+00:00 ubuntu-soc kernel: ACPI: Reserving FACP table memory at [mem 0x7fff00f0-0x7fff01e3]
2026-06-16T14:46:53.746233+00:00 ubuntu-soc kernel: ACPI: Reserving DSDT table memory at [mem 0x7fff02f0-0x7fff2642]
2026-06-16T14:46:53.746234+00:00 ubuntu-soc kernel: ACPI: Reserving FACS table memory at [mem 0x7fff0200-0x7fff023f]
2026-06-16T14:46:53.746234+00:00 ubuntu-soc kernel: ACPI: Reserving FACS table memory at [mem 0x7fff0200-0x7fff023f]
2026-06-16T14:46:53.746239+00:00 ubuntu-soc kernel: ACPI: Reserving APIC table memory at [mem 0x7fff0240-0x7fff029b]
2026-06-16T14:46:53.746240+00:00 ubuntu-soc kernel: ACPI: Reserving SSDT table memory at [mem 0x7fff02a0-0x7fff02e4]
2026-06-16T14:46:53.746240+00:00 ubuntu-soc kernel: No NUMA configuration found
2026-06-16T14:46:53.746241+00:00 ubuntu-soc kernel: Faking a node at [mem 0x0000000000000000-0x000000007fffffff]
2026-06-16T14:46:53.746241+00:00 ubuntu-soc kernel: NODE_DATA(0) allocated [mem 0x7ffc5280-0x7ffeffff]
2026-06-16T14:46:53.746241+00:00 ubuntu-soc kernel: crashkernel reserved: 0x0000000060000000 - 0x0000000074000000 (320 MB)
2026-06-16T14:46:53.746245+00:00 ubuntu-soc kernel: ACPI: PM-Timer IO Port: 0x4008
2026-06-16T14:46:53.746246+00:00 ubuntu-soc kernel: IOAPIC[0]: apic_id 2, version 32, address 0xfec00000, GSI 0-23
2026-06-16T14:46:53.746247+00:00 ubuntu-soc kernel: ACPI: INT_SRC_OVR (bus 0 bus_irq 0 global_irq 2 dfl dfl)
2026-06-16T14:46:53.746247+00:00 ubuntu-soc kernel: ACPI: INT_SRC_OVR (bus 0 bus_irq 9 global_irq 9 low level)
2026-06-16T14:46:53.746247+00:00 ubuntu-soc kernel: ACPI: Using ACPI (MADT) for SMP configuration information
2026-06-16T14:46:53.746248+00:00 ubuntu-soc kernel: CPU topo: Max. logical packages:   1
2026-06-16T14:46:53.746251+00:00 ubuntu-soc kernel: CPU topo: Max. logical nodes:      1
2026-06-16T14:46:53.746252+00:00 ubuntu-soc kernel: CPU topo: Num. nodes per package:  1
2026-06-16T14:46:53.746253+00:00 ubuntu-soc kernel: CPU topo: Max. logical dies:       1
2026-06-16T14:46:53.746253+00:00 ubuntu-soc kernel: CPU topo: Max. dies per package:   1
2026-06-16T14:46:53.746254+00:00 ubuntu-soc kernel: CPU topo: Max. threads per core:   1
2026-06-16T14:46:53.746254+00:00 ubuntu-soc kernel: CPU topo: Num. cores per package:     2
2026-06-16T14:46:53.746254+00:00 ubuntu-soc kernel: CPU topo: Num. threads per package:   2
2026-06-16T14:46:53.746258+00:00 ubuntu-soc kernel: CPU topo: Allowing 2 present CPUs plus 0 hotplug CPUs
2026-06-16T14:46:53.746259+00:00 ubuntu-soc kernel: PM: hibernation: Registered nosave memory: [mem 0x00000000-0x00000fff]
2026-06-16T14:46:53.746260+00:00 ubuntu-soc kernel: PM: hibernation: Registered nosave memory: [mem 0x0009f000-0x000fffff]
2026-06-16T14:46:53.746260+00:00 ubuntu-soc kernel: PM: hibernation: Registered nosave memory: [mem 0x7fff0000-0x7fffffff]
2026-06-16T14:46:53.746260+00:00 ubuntu-soc kernel: [gap 0x80000000-0xfebfffff] available for PCI devices
2026-06-16T14:46:53.746261+00:00 ubuntu-soc kernel: Booting paravirtualized kernel on KVM
2026-06-16T14:46:53.746264+00:00 ubuntu-soc kernel: clocksource: refined-jiffies: mask: 0xffffffff max_cycles: 0xffffffff, max_idle_ns: 1910969940391419 ns
2026-06-16T14:46:53.746266+00:00 ubuntu-soc kernel: Zone ranges:
2026-06-16T14:46:53.746266+00:00 ubuntu-soc kernel:   DMA      [mem 0x0000000000001000-0x0000000000ffffff]
2026-06-16T14:46:53.746266+00:00 ubuntu-soc kernel:   DMA32    [mem 0x0000000001000000-0x000000007fffffff]
2026-06-16T14:46:53.746267+00:00 ubuntu-soc kernel:   Normal   empty
2026-06-16T14:46:53.746267+00:00 ubuntu-soc kernel:   Device   empty
2026-06-16T14:46:53.746271+00:00 ubuntu-soc kernel: Movable zone start for each node
2026-06-16T14:46:53.746272+00:00 ubuntu-soc kernel: Early memory node ranges
2026-06-16T14:46:53.746272+00:00 ubuntu-soc kernel:   node   0: [mem 0x0000000000001000-0x000000000009efff]
2026-06-16T14:46:53.746273+00:00 ubuntu-soc kernel:   node   0: [mem 0x0000000000100000-0x000000007ffeffff]
2026-06-16T14:46:53.746273+00:00 ubuntu-soc kernel: Initmem setup node 0 [mem 0x0000000000001000-0x000000007ffeffff]
2026-06-16T14:46:53.746273+00:00 ubuntu-soc kernel: On node 0, zone DMA: 1 pages in unavailable ranges
2026-06-16T14:46:53.746274+00:00 ubuntu-soc kernel: On node 0, zone DMA: 97 pages in unavailable ranges
2026-06-16T14:46:53.746277+00:00 ubuntu-soc kernel: On node 0, zone DMA32: 16 pages in unavailable ranges
2026-06-16T14:46:53.746279+00:00 ubuntu-soc kernel: setup_percpu: NR_CPUS:8192 nr_cpumask_bits:2 nr_cpu_ids:2 nr_node_ids:1
2026-06-16T14:46:53.746279+00:00 ubuntu-soc kernel: percpu: Embedded 85 pages/cpu s225280 r8192 d114688 u1048576
2026-06-16T14:46:53.746279+00:00 ubuntu-soc kernel: pcpu-alloc: s225280 r8192 d114688 u1048576 alloc=1*2097152
2026-06-16T14:46:53.746280+00:00 ubuntu-soc kernel: pcpu-alloc: [0] 0 1 
2026-06-16T14:46:53.746280+00:00 ubuntu-soc kernel: kvm-guest: PV spinlocks enabled
2026-06-16T14:46:53.746283+00:00 ubuntu-soc kernel: PV qspinlock hash table entries: 256 (order: 0, 4096 bytes, linear)
2026-06-16T14:46:53.746285+00:00 ubuntu-soc kernel: Kernel command line: BOOT_IMAGE=/vmlinuz-7.0.0-14-generic root=/dev/mapper/ubuntu--vg-ubuntu--lv ro crashkernel=2G-4G:320M,4G-32G:512M,32G-64G:1024M,64G-128G:2048M,128G-:4096M
2026-06-16T14:46:53.746285+00:00 ubuntu-soc kernel: random: crng init done
2026-06-16T14:46:53.746286+00:00 ubuntu-soc kernel: printk: log buffer data + meta data: 262144 + 1114112 = 1376256 bytes
2026-06-16T14:46:53.746286+00:00 ubuntu-soc kernel: Dentry cache hash table entries: 262144 (order: 9, 2097152 bytes, linear)
2026-06-16T14:46:53.746286+00:00 ubuntu-soc kernel: Inode-cache hash table entries: 131072 (order: 8, 1048576 bytes, linear)
2026-06-16T14:46:53.746290+00:00 ubuntu-soc kernel: Fallback order for Node 0: 0 
2026-06-16T14:46:53.746291+00:00 ubuntu-soc kernel: Built 1 zonelists, mobility grouping on.  Total pages: 524174
2026-06-16T14:46:53.746291+00:00 ubuntu-soc kernel: Policy zone: DMA32
2026-06-16T14:46:53.746292+00:00 ubuntu-soc kernel: mem auto-init: stack:all(zero), heap alloc:on, heap free:off
2026-06-16T14:46:53.746292+00:00 ubuntu-soc kernel: KHO: Failed to reserve lowmem scratch buffer
2026-06-16T14:46:53.746292+00:00 ubuntu-soc kernel: KHO: Failed to reserve scratch area, disabling kexec handover
2026-06-16T14:46:53.746336+00:00 ubuntu-soc kernel: SLUB: HWalign=64, Order=0-3, MinObjects=0, CPUs=2, Nodes=1
2026-06-16T14:46:53.746339+00:00 ubuntu-soc kernel: ftrace: allocating 63887 entries in 252 pages
2026-06-16T14:46:53.746339+00:00 ubuntu-soc kernel: ftrace: allocated 252 pages with 6 groups
2026-06-16T14:46:53.746339+00:00 ubuntu-soc kernel: Dynamic Preempt: lazy
2026-06-16T14:46:53.746340+00:00 ubuntu-soc kernel: rcu: Preemptible hierarchical RCU implementation.
2026-06-16T14:46:53.746340+00:00 ubuntu-soc kernel: rcu: 	RCU restricting CPUs from NR_CPUS=8192 to nr_cpu_ids=2.
2026-06-16T14:46:53.746340+00:00 ubuntu-soc kernel: 	Trampoline variant of Tasks RCU enabled.
2026-06-16T14:46:53.746344+00:00 ubuntu-soc kernel: 	Rude variant of Tasks RCU enabled.
2026-06-16T14:46:53.746345+00:00 ubuntu-soc kernel: 	Tracing variant of Tasks RCU enabled.
2026-06-16T14:46:53.746346+00:00 ubuntu-soc kernel: rcu: RCU calculated value of scheduler-enlistment delay is 100 jiffies.
2026-06-16T14:46:53.746346+00:00 ubuntu-soc kernel: rcu: Adjusting geometry for rcu_fanout_leaf=16, nr_cpu_ids=2
2026-06-16T14:46:53.746346+00:00 ubuntu-soc kernel: RCU Tasks: Setting shift to 1 and lim to 1 rcu_task_cb_adjust=1 rcu_task_cpu_ids=2.
2026-06-16T14:46:53.746347+00:00 ubuntu-soc kernel: RCU Tasks Rude: Setting shift to 1 and lim to 1 rcu_task_cb_adjust=1 rcu_task_cpu_ids=2.
2026-06-16T14:46:53.746350+00:00 ubuntu-soc kernel: NR_IRQS: 524544, nr_irqs: 440, preallocated irqs: 16
2026-06-16T14:46:53.746352+00:00 ubuntu-soc kernel: rcu: srcu_init: Setting srcu_struct sizes based on contention.
2026-06-16T14:46:53.746352+00:00 ubuntu-soc kernel: Console: colour VGA+ 80x25
2026-06-16T14:46:53.746353+00:00 ubuntu-soc kernel: printk: legacy console [tty0] enabled
2026-06-16T14:46:53.746353+00:00 ubuntu-soc kernel: ACPI: Core revision 20251212
2026-06-16T14:46:53.746353+00:00 ubuntu-soc kernel: APIC: Switch to symmetric I/O mode setup
2026-06-16T14:46:53.746354+00:00 ubuntu-soc kernel: ..TIMER: vector=0x30 apic1=0 pin1=2 apic2=-1 pin2=-1
2026-06-16T14:46:53.746357+00:00 ubuntu-soc kernel: clocksource: tsc-early: mask: 0xffffffffffffffff max_cycles: 0x25a39079a08, max_idle_ns: 440795310461 ns
2026-06-16T14:46:53.746359+00:00 ubuntu-soc kernel: Calibrating delay loop (skipped) preset value.. 5222.40 BogoMIPS (lpj=2611200)
2026-06-16T14:46:53.746359+00:00 ubuntu-soc kernel: Last level iTLB entries: 4KB 0, 2MB 0, 4MB 0
2026-06-16T14:46:53.746359+00:00 ubuntu-soc kernel: Last level dTLB entries: 4KB 0, 2MB 0, 4MB 0, 1GB 0
2026-06-16T14:46:53.746360+00:00 ubuntu-soc kernel: mitigations: Enabled attack vectors: user_kernel, user_user, guest_host, guest_guest, SMT mitigations: auto
2026-06-16T14:46:53.746360+00:00 ubuntu-soc kernel: Speculative Store Bypass: Vulnerable
2026-06-16T14:46:53.746364+00:00 ubuntu-soc kernel: Spectre V2 : Mitigation: Enhanced / Automatic IBRS
2026-06-16T14:46:53.746365+00:00 ubuntu-soc kernel: RETBleed: Mitigation: Enhanced IBRS
2026-06-16T14:46:53.746365+00:00 ubuntu-soc kernel: ITS: Mitigation: Aligned branch/return thunks
2026-06-16T14:46:53.746366+00:00 ubuntu-soc kernel: Register File Data Sampling: Mitigation: Clear Register File
2026-06-16T14:46:53.746366+00:00 ubuntu-soc kernel: Spectre V1 : Mitigation: usercopy/swapgs barriers and __user pointer sanitization
2026-06-16T14:46:53.746366+00:00 ubuntu-soc kernel: Spectre V2 : Spectre v2 / PBRSB-eIBRS: Retire a single CALL on VMEXIT
2026-06-16T14:46:53.746370+00:00 ubuntu-soc kernel: active return thunk: its_return_thunk
2026-06-16T14:46:53.746371+00:00 ubuntu-soc kernel: Spectre V2 : Spectre BHI mitigation: SW BHB clearing on syscall and VM exit
2026-06-16T14:46:53.746371+00:00 ubuntu-soc kernel: x86/fpu: x87 FPU will use FXSAVE
2026-06-16T14:46:53.746372+00:00 ubuntu-soc kernel: Freeing SMP alternatives memory: 56K
2026-06-16T14:46:53.746372+00:00 ubuntu-soc kernel: pid_max: default: 32768 minimum: 301
2026-06-16T14:46:53.746373+00:00 ubuntu-soc kernel: landlock: Up and running.
2026-06-16T14:46:53.746376+00:00 ubuntu-soc kernel: Yama: becoming mindful.
2026-06-16T14:46:53.746377+00:00 ubuntu-soc kernel: AppArmor: AppArmor initialized
2026-06-16T14:46:53.746378+00:00 ubuntu-soc kernel: AppArmor: AppArmor secmark mediation reserved: ready to be enabled
2026-06-16T14:46:53.746378+00:00 ubuntu-soc kernel: Mount-cache hash table entries: 4096 (order: 3, 32768 bytes, linear)
2026-06-16T14:46:53.746378+00:00 ubuntu-soc kernel: Mountpoint-cache hash table entries: 4096 (order: 3, 32768 bytes, linear)
2026-06-16T14:46:53.746379+00:00 ubuntu-soc kernel: VFS: Finished mounting rootfs on nullfs
2026-06-16T14:46:53.746379+00:00 ubuntu-soc kernel: APIC calibration not consistent with PM-Timer: 94ms instead of 100ms
2026-06-16T14:46:53.746383+00:00 ubuntu-soc kernel: APIC delta adjusted to PM-Timer: 6239470 (5895523)
2026-06-16T14:46:53.746384+00:00 ubuntu-soc kernel: smpboot: CPU0: 13th Gen Intel(R) Core(TM) i5-13450HX (family: 0x6, model: 0xb7, stepping: 0x1)
2026-06-16T14:46:53.746384+00:00 ubuntu-soc kernel: Performance Events: unsupported CPU family 6 model 183 no PMU driver, software events only.
2026-06-16T14:46:53.746385+00:00 ubuntu-soc kernel: signal: max sigframe size: 1440
2026-06-16T14:46:53.746385+00:00 ubuntu-soc kernel: rcu: Hierarchical SRCU implementation.
2026-06-16T14:46:53.746385+00:00 ubuntu-soc kernel: rcu: 	Max phase no-delay instances is 400.
2026-06-16T14:46:53.746389+00:00 ubuntu-soc kernel: Timer migration: 1 hierarchy levels; 8 children per group; 1 crossnode level
2026-06-16T14:46:53.746390+00:00 ubuntu-soc kernel: NMI watchdog: Perf NMI watchdog permanently disabled
2026-06-16T14:46:53.746390+00:00 ubuntu-soc kernel: smp: Bringing up secondary CPUs ...
2026-06-16T14:46:53.746391+00:00 ubuntu-soc kernel: smpboot: x86: Booting SMP configuration:
2026-06-16T14:46:53.746391+00:00 ubuntu-soc kernel: .... node  #0, CPUs:      #1
2026-06-16T14:46:53.746391+00:00 ubuntu-soc kernel: smp: Brought up 1 node, 2 CPUs
2026-06-16T14:46:53.746392+00:00 ubuntu-soc kernel: smpboot: Total of 2 processors activated (10444.80 BogoMIPS)
2026-06-16T14:46:53.746399+00:00 ubuntu-soc kernel: Memory: 1601172K/2096696K available (23771K kernel code, 4949K rwdata, 16748K rodata, 5292K init, 5860K bss, 485924K reserved, 0K cma-reserved)
2026-06-16T14:46:53.746401+00:00 ubuntu-soc kernel: devtmpfs: initialized
2026-06-16T14:46:53.746402+00:00 ubuntu-soc kernel: x86/mm: Memory block size: 128MB
2026-06-16T14:46:53.746402+00:00 ubuntu-soc kernel: clocksource: jiffies: mask: 0xffffffff max_cycles: 0xffffffff, max_idle_ns: 1911260446275000 ns
2026-06-16T14:46:53.746402+00:00 ubuntu-soc kernel: posixtimers hash table entries: 1024 (order: 2, 16384 bytes, linear)
2026-06-16T14:46:53.746403+00:00 ubuntu-soc kernel: futex hash table entries: 512 (32768 bytes on 1 NUMA nodes, total 32 KiB, linear).
2026-06-16T14:46:53.746407+00:00 ubuntu-soc kernel: PM: RTC time: 14:44:42, date: 2026-06-16
2026-06-16T14:46:53.746408+00:00 ubuntu-soc kernel: NET: Registered PF_NETLINK/PF_ROUTE protocol family
2026-06-16T14:46:53.746409+00:00 ubuntu-soc kernel: DMA: preallocated 256 KiB GFP_KERNEL|GFP_DMA pool for atomic allocations
2026-06-16T14:46:53.746409+00:00 ubuntu-soc kernel: DMA: preallocated 256 KiB GFP_KERNEL|GFP_DMA32 pool for atomic allocations
2026-06-16T14:46:53.746409+00:00 ubuntu-soc kernel: audit: initializing netlink subsys (disabled)
2026-06-16T14:46:53.746410+00:00 ubuntu-soc kernel: audit: type=2000 audit(1781621457.665:1): state=initialized audit_enabled=0 res=1
2026-06-16T14:46:53.746413+00:00 ubuntu-soc kernel: thermal_sys: Registered thermal governor 'fair_share'
2026-06-16T14:46:53.746415+00:00 ubuntu-soc kernel: thermal_sys: Registered thermal governor 'bang_bang'
2026-06-16T14:46:53.746415+00:00 ubuntu-soc kernel: thermal_sys: Registered thermal governor 'step_wise'
2026-06-16T14:46:53.746416+00:00 ubuntu-soc kernel: thermal_sys: Registered thermal governor 'user_space'
2026-06-16T14:46:53.746416+00:00 ubuntu-soc kernel: thermal_sys: Registered thermal governor 'power_allocator'
2026-06-16T14:46:53.746416+00:00 ubuntu-soc kernel: cpuidle: using governor ladder
2026-06-16T14:46:53.746417+00:00 ubuntu-soc kernel: cpuidle: using governor menu
2026-06-16T14:46:53.746421+00:00 ubuntu-soc kernel: acpiphp: ACPI Hot Plug PCI Controller Driver version: 0.5
2026-06-16T14:46:53.746422+00:00 ubuntu-soc kernel: PCI: Using configuration type 1 for base access
2026-06-16T14:46:53.746422+00:00 ubuntu-soc kernel: mtrr: your CPUs had inconsistent variable MTRR settings
2026-06-16T14:46:53.746423+00:00 ubuntu-soc kernel: mtrr: probably your BIOS does not setup all CPUs.
2026-06-16T14:46:53.746423+00:00 ubuntu-soc kernel: mtrr: corrected configuration.
2026-06-16T14:46:53.746424+00:00 ubuntu-soc kernel: kprobes: kprobe jump-optimization is enabled. All kprobes are optimized if possible.
2026-06-16T14:46:53.746428+00:00 ubuntu-soc kernel: HugeTLB: registered 2.00 MiB page size, pre-allocated 0 pages
2026-06-16T14:46:53.746429+00:00 ubuntu-soc kernel: HugeTLB: 28 KiB vmemmap can be freed for a 2.00 MiB page
2026-06-16T14:46:53.746430+00:00 ubuntu-soc kernel: ACPI: Added _OSI(Module Device)
2026-06-16T14:46:53.746430+00:00 ubuntu-soc kernel: ACPI: Added _OSI(Processor Device)
2026-06-16T14:46:53.746430+00:00 ubuntu-soc kernel: ACPI: Added _OSI(Processor Aggregator Device)
2026-06-16T14:46:53.746431+00:00 ubuntu-soc kernel: ACPI: 2 ACPI AML tables successfully acquired and loaded
2026-06-16T14:46:53.746435+00:00 ubuntu-soc kernel: ACPI: \_SB_: platform _OSC: OS support mask [006e7eff]
2026-06-16T14:46:53.746436+00:00 ubuntu-soc kernel: ACPI: Interpreter enabled
2026-06-16T14:46:53.746437+00:00 ubuntu-soc kernel: ACPI: PM: (supports S0 S5)
2026-06-16T14:46:53.746437+00:00 ubuntu-soc kernel: ACPI: Using IOAPIC for interrupt routing
2026-06-16T14:46:53.746438+00:00 ubuntu-soc kernel: PCI: Using host bridge windows from ACPI; if necessary, use "pci=nocrs" and report a bug
2026-06-16T14:46:53.746438+00:00 ubuntu-soc kernel: PCI: Using E820 reservations for host bridge windows
2026-06-16T14:46:53.746438+00:00 ubuntu-soc kernel: ACPI: Enabled 2 GPEs in block 00 to 07
2026-06-16T14:46:53.746453+00:00 ubuntu-soc kernel: ACPI: PCI Root Bridge [PCI0] (domain 0000 [bus 00-ff])
2026-06-16T14:46:53.746455+00:00 ubuntu-soc kernel: acpi PNP0A03:00: _OSC: OS supports [ASPM ClockPM Segments MSI EDR HPX-Type3]
2026-06-16T14:46:53.746455+00:00 ubuntu-soc kernel: acpi PNP0A03:00: _OSC: not requesting OS control; OS requires [ExtendedConfig ASPM ClockPM MSI]
2026-06-16T14:46:53.746456+00:00 ubuntu-soc kernel: acpi PNP0A03:00: fail to add MMCONFIG information, can't access extended configuration space under this bridge
2026-06-16T14:46:53.746456+00:00 ubuntu-soc kernel: PCI host bridge to bus 0000:00
2026-06-16T14:46:53.746457+00:00 ubuntu-soc kernel: pci_bus 0000:00: root bus resource [io  0x0000-0x0cf7 window]
2026-06-16T14:46:53.746463+00:00 ubuntu-soc kernel: pci_bus 0000:00: root bus resource [io  0x0d00-0xffff window]
2026-06-16T14:46:53.746465+00:00 ubuntu-soc kernel: pci_bus 0000:00: root bus resource [mem 0x000a0000-0x000bffff window]
2026-06-16T14:46:53.746465+00:00 ubuntu-soc kernel: pci_bus 0000:00: root bus resource [mem 0x80000000-0xfdffffff window]
2026-06-16T14:46:53.746466+00:00 ubuntu-soc kernel: pci_bus 0000:00: root bus resource [bus 00-ff]
2026-06-16T14:46:53.746466+00:00 ubuntu-soc kernel: pci 0000:00:00.0: [8086:1237] type 00 class 0x060000 conventional PCI endpoint
2026-06-16T14:46:53.746466+00:00 ubuntu-soc kernel: pci 0000:00:01.0: [8086:7000] type 00 class 0x060100 conventional PCI endpoint
2026-06-16T14:46:53.746472+00:00 ubuntu-soc kernel: pci 0000:00:01.1: [8086:7111] type 00 class 0x01018a conventional PCI endpoint
2026-06-16T14:46:53.747538+00:00 ubuntu-soc kernel: pci 0000:00:01.1: BAR 4 [io  0xd000-0xd00f]
2026-06-16T14:46:53.747542+00:00 ubuntu-soc kernel: pci 0000:00:01.1: BAR 0 [io  0x01f0-0x01f7]: legacy IDE quirk
2026-06-16T14:46:53.747543+00:00 ubuntu-soc kernel: pci 0000:00:01.1: BAR 1 [io  0x03f6]: legacy IDE quirk
2026-06-16T14:46:53.747543+00:00 ubuntu-soc kernel: pci 0000:00:01.1: BAR 2 [io  0x0170-0x0177]: legacy IDE quirk
2026-06-16T14:46:53.747543+00:00 ubuntu-soc kernel: pci 0000:00:01.1: BAR 3 [io  0x0376]: legacy IDE quirk
2026-06-16T14:46:53.747544+00:00 ubuntu-soc kernel: pci 0000:00:02.0: [15ad:0405] type 00 class 0x030000 conventional PCI endpoint
2026-06-16T14:46:53.747559+00:00 ubuntu-soc kernel: pci 0000:00:02.0: BAR 0 [io  0xd010-0xd01f]
2026-06-16T14:46:53.747561+00:00 ubuntu-soc kernel: pci 0000:00:02.0: BAR 1 [mem 0xe0000000-0xe0ffffff pref]
2026-06-16T14:46:53.747561+00:00 ubuntu-soc kernel: pci 0000:00:02.0: BAR 2 [mem 0xf0000000-0xf01fffff]
2026-06-16T14:46:53.747562+00:00 ubuntu-soc kernel: pci 0000:00:02.0: Video device with shadowed ROM at [mem 0x000c0000-0x000dffff]
2026-06-16T14:46:53.747562+00:00 ubuntu-soc kernel: pci 0000:00:03.0: [8086:100e] type 00 class 0x020000 conventional PCI endpoint
2026-06-16T14:46:53.747562+00:00 ubuntu-soc kernel: pci 0000:00:03.0: BAR 0 [mem 0xf0200000-0xf021ffff]
2026-06-16T14:46:53.747568+00:00 ubuntu-soc kernel: pci 0000:00:03.0: BAR 2 [io  0xd020-0xd027]
2026-06-16T14:46:53.747570+00:00 ubuntu-soc kernel: pci 0000:00:04.0: [80ee:cafe] type 00 class 0x088000 conventional PCI endpoint
2026-06-16T14:46:53.747570+00:00 ubuntu-soc kernel: pci 0000:00:04.0: BAR 0 [io  0xd040-0xd05f]
2026-06-16T14:46:53.747571+00:00 ubuntu-soc kernel: pci 0000:00:04.0: BAR 1 [mem 0xf0400000-0xf07fffff]
2026-06-16T14:46:53.747571+00:00 ubuntu-soc kernel: pci 0000:00:04.0: BAR 2 [mem 0xf0800000-0xf0803fff pref]
2026-06-16T14:46:53.747571+00:00 ubuntu-soc kernel: pci 0000:00:05.0: [8086:2415] type 00 class 0x040100 conventional PCI endpoint
2026-06-16T14:46:53.747572+00:00 ubuntu-soc kernel: pci 0000:00:05.0: BAR 0 [io  0xd100-0xd1ff]
2026-06-16T14:46:53.747577+00:00 ubuntu-soc kernel: pci 0000:00:05.0: BAR 1 [io  0xd200-0xd23f]
2026-06-16T14:46:53.747579+00:00 ubuntu-soc kernel: pci 0000:00:06.0: [106b:003f] type 00 class 0x0c0310 conventional PCI endpoint
2026-06-16T14:46:53.747579+00:00 ubuntu-soc kernel: pci 0000:00:06.0: BAR 0 [mem 0xf0804000-0xf0804fff]
2026-06-16T14:46:53.747580+00:00 ubuntu-soc kernel: pci 0000:00:07.0: [8086:7113] type 00 class 0x068000 conventional PCI endpoint
2026-06-16T14:46:53.747580+00:00 ubuntu-soc kernel: pci 0000:00:07.0: quirk: [io  0x4000-0x403f] claimed by PIIX4 ACPI
2026-06-16T14:46:53.747580+00:00 ubuntu-soc kernel: pci 0000:00:07.0: quirk: [io  0x4100-0x410f] claimed by PIIX4 SMB
2026-06-16T14:46:53.747586+00:00 ubuntu-soc kernel: pci 0000:00:0b.0: [8086:265c] type 00 class 0x0c0320 conventional PCI endpoint
2026-06-16T14:46:53.747587+00:00 ubuntu-soc kernel: pci 0000:00:0b.0: BAR 0 [mem 0xf0805000-0xf0805fff]
2026-06-16T14:46:53.747588+00:00 ubuntu-soc kernel: pci 0000:00:0d.0: [8086:2829] type 00 class 0x010601 conventional PCI endpoint
2026-06-16T14:46:53.747588+00:00 ubuntu-soc kernel: pci 0000:00:0d.0: BAR 0 [io  0xd240-0xd247]
2026-06-16T14:46:53.747588+00:00 ubuntu-soc kernel: pci 0000:00:0d.0: BAR 1 [io  0xd248-0xd24b]
2026-06-16T14:46:53.747589+00:00 ubuntu-soc kernel: pci 0000:00:0d.0: BAR 2 [io  0xd250-0xd257]
2026-06-16T14:46:53.747594+00:00 ubuntu-soc kernel: pci 0000:00:0d.0: BAR 3 [io  0xd258-0xd25b]
2026-06-16T14:46:53.747596+00:00 ubuntu-soc kernel: pci 0000:00:0d.0: BAR 4 [io  0xd260-0xd26f]
2026-06-16T14:46:53.747596+00:00 ubuntu-soc kernel: pci 0000:00:0d.0: BAR 5 [mem 0xf0806000-0xf0807fff]
2026-06-16T14:46:53.747596+00:00 ubuntu-soc kernel: ACPI: PCI: Interrupt link LNKA configured for IRQ 11
2026-06-16T14:46:53.747597+00:00 ubuntu-soc kernel: ACPI: PCI: Interrupt link LNKB configured for IRQ 10
2026-06-16T14:46:53.747597+00:00 ubuntu-soc kernel: ACPI: PCI: Interrupt link LNKC configured for IRQ 9
2026-06-16T14:46:53.747598+00:00 ubuntu-soc kernel: ACPI: PCI: Interrupt link LNKD configured for IRQ 11
2026-06-16T14:46:53.747603+00:00 ubuntu-soc kernel: iommu: Default domain type: Translated
2026-06-16T14:46:53.747605+00:00 ubuntu-soc kernel: iommu: DMA domain TLB invalidation policy: lazy mode
2026-06-16T14:46:53.747605+00:00 ubuntu-soc kernel: SCSI subsystem initialized
2026-06-16T14:46:53.747606+00:00 ubuntu-soc kernel: libata version 3.00 loaded.
2026-06-16T14:46:53.747606+00:00 ubuntu-soc kernel: ACPI: bus type USB registered
2026-06-16T14:46:53.747606+00:00 ubuntu-soc kernel: usbcore: registered new interface driver usbfs
2026-06-16T14:46:53.747614+00:00 ubuntu-soc kernel: usbcore: registered new interface driver hub
2026-06-16T14:46:53.747616+00:00 ubuntu-soc kernel: usbcore: registered new device driver usb
2026-06-16T14:46:53.747617+00:00 ubuntu-soc kernel: pps_core: LinuxPPS API ver. 1 registered
2026-06-16T14:46:53.747617+00:00 ubuntu-soc kernel: pps_core: Software ver. 5.3.6 - Copyright 2005-2007 Rodolfo Giometti <giometti@linux.it>
2026-06-16T14:46:53.747617+00:00 ubuntu-soc kernel: PTP clock support registered
2026-06-16T14:46:53.747618+00:00 ubuntu-soc kernel: EDAC MC: Ver: 3.0.0
2026-06-16T14:46:53.747618+00:00 ubuntu-soc kernel: NetLabel: Initializing
2026-06-16T14:46:53.747624+00:00 ubuntu-soc kernel: NetLabel:  domain hash size = 128
2026-06-16T14:46:53.747625+00:00 ubuntu-soc kernel: NetLabel:  protocols = UNLABELED CIPSOv4 CALIPSO
2026-06-16T14:46:53.747625+00:00 ubuntu-soc kernel: NetLabel:  unlabeled traffic allowed by default
2026-06-16T14:46:53.747626+00:00 ubuntu-soc kernel: mctp: management component transport protocol core
2026-06-16T14:46:53.747626+00:00 ubuntu-soc kernel: NET: Registered PF_MCTP protocol family
2026-06-16T14:46:53.747626+00:00 ubuntu-soc kernel: PCI: Using ACPI for IRQ routing
2026-06-16T14:46:53.747632+00:00 ubuntu-soc kernel: PCI: pci_cache_line_size set to 64 bytes
2026-06-16T14:46:53.747634+00:00 ubuntu-soc kernel: e820: register RAM buffer resource [mem 0x0009fc00-0x0009ffff]
2026-06-16T14:46:53.747634+00:00 ubuntu-soc kernel: e820: register RAM buffer resource [mem 0x7fff0000-0x7fffffff]
2026-06-16T14:46:53.747634+00:00 ubuntu-soc kernel: pci 0000:00:02.0: vgaarb: setting as boot VGA device
2026-06-16T14:46:53.747635+00:00 ubuntu-soc kernel: pci 0000:00:02.0: vgaarb: bridge control possible
2026-06-16T14:46:53.747635+00:00 ubuntu-soc kernel: pci 0000:00:02.0: vgaarb: VGA device added: decodes=io+mem,owns=io+mem,locks=none
2026-06-16T14:46:53.747641+00:00 ubuntu-soc kernel: vgaarb: loaded
2026-06-16T14:46:53.747642+00:00 ubuntu-soc kernel: clocksource: Switched to clocksource kvm-clock
2026-06-16T14:46:53.747643+00:00 ubuntu-soc kernel: VFS: Disk quotas dquot_6.6.0
2026-06-16T14:46:53.747643+00:00 ubuntu-soc kernel: VFS: Dquot-cache hash table entries: 512 (order 0, 4096 bytes)
2026-06-16T14:46:53.747643+00:00 ubuntu-soc kernel: AppArmor: AppArmor Filesystem Enabled
2026-06-16T14:46:53.747644+00:00 ubuntu-soc kernel: pnp: PnP ACPI init
2026-06-16T14:46:53.747644+00:00 ubuntu-soc kernel: pnp: PnP ACPI: found 2 devices
2026-06-16T14:46:53.747650+00:00 ubuntu-soc kernel: clocksource: acpi_pm: mask: 0xffffff max_cycles: 0xffffff, max_idle_ns: 2085701024 ns
2026-06-16T14:46:53.747651+00:00 ubuntu-soc kernel: NET: Registered PF_INET protocol family
2026-06-16T14:46:53.747652+00:00 ubuntu-soc kernel: IP idents hash table entries: 32768 (order: 6, 262144 bytes, linear)
2026-06-16T14:46:53.747652+00:00 ubuntu-soc kernel: tcp_listen_portaddr_hash hash table entries: 1024 (order: 2, 16384 bytes, linear)
2026-06-16T14:46:53.747652+00:00 ubuntu-soc kernel: Table-perturb hash table entries: 65536 (order: 6, 262144 bytes, linear)
2026-06-16T14:46:53.747653+00:00 ubuntu-soc kernel: TCP established hash table entries: 16384 (order: 5, 131072 bytes, linear)
2026-06-16T14:46:53.747659+00:00 ubuntu-soc kernel: TCP bind hash table entries: 16384 (order: 7, 524288 bytes, linear)
2026-06-16T14:46:53.747660+00:00 ubuntu-soc kernel: TCP: Hash tables configured (established 16384 bind 16384)
2026-06-16T14:46:53.747660+00:00 ubuntu-soc kernel: MPTCP token hash table entries: 2048 (order: 4, 49152 bytes, linear)
2026-06-16T14:46:53.747661+00:00 ubuntu-soc kernel: UDP hash table entries: 1024 (order: 4, 65536 bytes, linear)
2026-06-16T14:46:53.747661+00:00 ubuntu-soc kernel: UDP-Lite hash table entries: 1024 (order: 4, 65536 bytes, linear)
2026-06-16T14:46:53.747662+00:00 ubuntu-soc kernel: NET: Registered PF_UNIX/PF_LOCAL protocol family
2026-06-16T14:46:53.747662+00:00 ubuntu-soc kernel: NET: Registered PF_XDP protocol family
2026-06-16T14:46:53.747668+00:00 ubuntu-soc kernel: pci_bus 0000:00: resource 4 [io  0x0000-0x0cf7 window]
2026-06-16T14:46:53.747669+00:00 ubuntu-soc kernel: pci_bus 0000:00: resource 5 [io  0x0d00-0xffff window]
2026-06-16T14:46:53.747670+00:00 ubuntu-soc kernel: pci_bus 0000:00: resource 6 [mem 0x000a0000-0x000bffff window]
2026-06-16T14:46:53.747670+00:00 ubuntu-soc kernel: pci_bus 0000:00: resource 7 [mem 0x80000000-0xfdffffff window]
2026-06-16T14:46:53.747670+00:00 ubuntu-soc kernel: pci 0000:00:00.0: Limiting direct PCI/PCI transfers
2026-06-16T14:46:53.747671+00:00 ubuntu-soc kernel: pci 0000:00:00.0: quirk_natoma+0x0/0x20 took 15608 usecs
2026-06-16T14:46:53.747676+00:00 ubuntu-soc kernel: PCI: CLS 0 bytes, default 64
2026-06-16T14:46:53.747678+00:00 ubuntu-soc kernel: clocksource: tsc: mask: 0xffffffffffffffff max_cycles: 0x25a39079a08, max_idle_ns: 440795310461 ns
2026-06-16T14:46:53.747678+00:00 ubuntu-soc kernel: clocksource: Switched to clocksource tsc
2026-06-16T14:46:53.747679+00:00 ubuntu-soc kernel: Trying to unpack rootfs image as initramfs...
2026-06-16T14:46:53.747679+00:00 ubuntu-soc kernel: platform rtc_cmos: registered platform RTC device (no PNP device found)
2026-06-16T14:46:53.747680+00:00 ubuntu-soc kernel: Initialise system trusted keyrings
2026-06-16T14:46:53.747685+00:00 ubuntu-soc kernel: Key type blacklist registered
2026-06-16T14:46:53.747687+00:00 ubuntu-soc kernel: workingset: timestamp_bits=36 max_order=19 bucket_order=0
2026-06-16T14:46:53.747687+00:00 ubuntu-soc kernel: squashfs: version 4.0 (2009/01/31) Phillip Lougher
2026-06-16T14:46:53.747687+00:00 ubuntu-soc kernel: fuse: init (API version 7.45)
2026-06-16T14:46:53.747688+00:00 ubuntu-soc kernel: integrity: Platform Keyring initialized
2026-06-16T14:46:53.747688+00:00 ubuntu-soc kernel: integrity: Machine keyring initialized
2026-06-16T14:46:53.747688+00:00 ubuntu-soc kernel: Key type asymmetric registered
2026-06-16T14:46:53.747694+00:00 ubuntu-soc kernel: Asymmetric key parser 'x509' registered
2026-06-16T14:46:53.747695+00:00 ubuntu-soc kernel: Block layer SCSI generic (bsg) driver version 0.4 loaded (major 242)
2026-06-16T14:46:53.747696+00:00 ubuntu-soc kernel: io scheduler mq-deadline registered
2026-06-16T14:46:53.747696+00:00 ubuntu-soc kernel: ledtrig-cpu: registered to indicate activity on CPUs
2026-06-16T14:46:53.747696+00:00 ubuntu-soc kernel: ACPI: AC: AC Adapter [AC] (on-line)
2026-06-16T14:46:53.747697+00:00 ubuntu-soc kernel: input: Power Button as /devices/platform/LNXPWRBN:00/input/input0
2026-06-16T14:46:53.747702+00:00 ubuntu-soc kernel: ACPI: button: Power Button [PWRF]
2026-06-16T14:46:53.747704+00:00 ubuntu-soc kernel: input: Sleep Button as /devices/platform/LNXSLPBN:00/input/input1
2026-06-16T14:46:53.747704+00:00 ubuntu-soc kernel: ACPI: button: Sleep Button [SLPF]
2026-06-16T14:46:53.747705+00:00 ubuntu-soc kernel: ACPI: battery: Slot [BAT0] (battery present)
2026-06-16T14:46:53.747705+00:00 ubuntu-soc kernel: Serial: 8250/16550 driver, 32 ports, IRQ sharing enabled
2026-06-16T14:46:53.747705+00:00 ubuntu-soc kernel: Linux agpgart interface v0.103
2026-06-16T14:46:53.747706+00:00 ubuntu-soc kernel: loop: module loaded
2026-06-16T14:46:53.747711+00:00 ubuntu-soc kernel: scsi host0: ata_piix
2026-06-16T14:46:53.747713+00:00 ubuntu-soc kernel: scsi host1: ata_piix
2026-06-16T14:46:53.747790+00:00 ubuntu-soc kernel: ata1: PATA max UDMA/33 cmd 0x1f0 ctl 0x3f6 bmdma 0xd000 irq 14 lpm-pol 0
2026-06-16T14:46:53.747794+00:00 ubuntu-soc kernel: ata2: PATA max UDMA/33 cmd 0x170 ctl 0x376 bmdma 0xd008 irq 15 lpm-pol 0
2026-06-16T14:46:53.747795+00:00 ubuntu-soc kernel: ACPI: bus type drm_connector registered
2026-06-16T14:46:53.747795+00:00 ubuntu-soc kernel: tun: Universal TUN/TAP device driver, 1.6
2026-06-16T14:46:53.747808+00:00 ubuntu-soc kernel: PPP generic driver version 2.4.2
2026-06-16T14:46:53.747810+00:00 ubuntu-soc kernel: ohci-pci 0000:00:06.0: OHCI PCI host controller
2026-06-16T14:46:53.747810+00:00 ubuntu-soc kernel: ohci-pci 0000:00:06.0: new USB bus registered, assigned bus number 1
2026-06-16T14:46:53.747811+00:00 ubuntu-soc kernel: ohci-pci 0000:00:06.0: irq 22, io mem 0xf0804000
2026-06-16T14:46:53.747811+00:00 ubuntu-soc kernel: Freeing initrd memory: 61444K
2026-06-16T14:46:53.747811+00:00 ubuntu-soc kernel: usb usb1: New USB device found, idVendor=1d6b, idProduct=0001, bcdDevice= 7.00
2026-06-16T14:46:53.747819+00:00 ubuntu-soc kernel: usb usb1: New USB device strings: Mfr=3, Product=2, SerialNumber=1
2026-06-16T14:46:53.747820+00:00 ubuntu-soc kernel: usb usb1: Product: OHCI PCI host controller
2026-06-16T14:46:53.747821+00:00 ubuntu-soc kernel: usb usb1: Manufacturer: Linux 7.0.0-14-generic ohci_hcd
2026-06-16T14:46:53.747821+00:00 ubuntu-soc kernel: usb usb1: SerialNumber: 0000:00:06.0
2026-06-16T14:46:53.747821+00:00 ubuntu-soc kernel: hub 1-0:1.0: USB hub found
2026-06-16T14:46:53.747822+00:00 ubuntu-soc kernel: hub 1-0:1.0: 12 ports detected
2026-06-16T14:46:53.747822+00:00 ubuntu-soc kernel: i8042: PNP: PS/2 Controller [PNP0303:PS2K,PNP0f03:PS2M] at 0x60,0x64 irq 1,12
2026-06-16T14:46:53.747828+00:00 ubuntu-soc kernel: ehci-pci 0000:00:0b.0: EHCI Host Controller
2026-06-16T14:46:53.747830+00:00 ubuntu-soc kernel: ehci-pci 0000:00:0b.0: new USB bus registered, assigned bus number 2
2026-06-16T14:46:53.747830+00:00 ubuntu-soc kernel: serio: i8042 KBD port at 0x60,0x64 irq 1
2026-06-16T14:46:53.747830+00:00 ubuntu-soc kernel: ehci-pci 0000:00:0b.0: irq 19, io mem 0xf0805000
2026-06-16T14:46:53.747831+00:00 ubuntu-soc kernel: serio: i8042 AUX port at 0x60,0x64 irq 12
2026-06-16T14:46:53.747831+00:00 ubuntu-soc kernel: mousedev: PS/2 mouse device common for all mice
2026-06-16T14:46:53.747837+00:00 ubuntu-soc kernel: input: AT Translated Set 2 keyboard as /devices/platform/i8042/serio0/input/input2
2026-06-16T14:46:53.747838+00:00 ubuntu-soc kernel: rtc_cmos rtc_cmos: registered as rtc0
2026-06-16T14:46:53.747839+00:00 ubuntu-soc kernel: rtc_cmos rtc_cmos: setting system clock to 2026-06-16T14:44:42 UTC (1781621082)
2026-06-16T14:46:53.747839+00:00 ubuntu-soc kernel: ehci-pci 0000:00:0b.0: USB 2.0 started, EHCI 1.00
2026-06-16T14:46:53.747839+00:00 ubuntu-soc kernel: usb usb2: New USB device found, idVendor=1d6b, idProduct=0002, bcdDevice= 7.00
2026-06-16T14:46:53.747840+00:00 ubuntu-soc kernel: rtc_cmos rtc_cmos: alarms up to one day, 114 bytes nvram
2026-06-16T14:46:53.747840+00:00 ubuntu-soc kernel: usb usb2: New USB device strings: Mfr=3, Product=2, SerialNumber=1
2026-06-16T14:46:53.747849+00:00 ubuntu-soc kernel: i2c_dev: i2c /dev entries driver
2026-06-16T14:46:53.747850+00:00 ubuntu-soc kernel: usb usb2: Product: EHCI Host Controller
2026-06-16T14:46:53.747851+00:00 ubuntu-soc kernel: usb usb2: Manufacturer: Linux 7.0.0-14-generic ehci_hcd
2026-06-16T14:46:53.747851+00:00 ubuntu-soc kernel: usb usb2: SerialNumber: 0000:00:0b.0
2026-06-16T14:46:53.747851+00:00 ubuntu-soc kernel: hub 2-0:1.0: USB hub found
2026-06-16T14:46:53.747852+00:00 ubuntu-soc kernel: device-mapper: core: CONFIG_IMA_DISABLE_HTABLE is disabled. Duplicate IMA measurements will not be recorded in the IMA log.
2026-06-16T14:46:53.747858+00:00 ubuntu-soc kernel: hub 2-0:1.0: 12 ports detected
2026-06-16T14:46:53.747859+00:00 ubuntu-soc kernel: device-mapper: uevent: version 1.0.3
2026-06-16T14:46:53.747859+00:00 ubuntu-soc kernel: device-mapper: ioctl: 4.50.0-ioctl (2025-04-28) initialised: dm-devel@lists.linux.dev
2026-06-16T14:46:53.747860+00:00 ubuntu-soc kernel: intel_pstate: CPU model not supported
2026-06-16T14:46:53.747860+00:00 ubuntu-soc kernel: drop_monitor: Initializing network drop monitor service
2026-06-16T14:46:53.747861+00:00 ubuntu-soc kernel: NET: Registered PF_INET6 protocol family
2026-06-16T14:46:53.747867+00:00 ubuntu-soc kernel: Segment Routing with IPv6
2026-06-16T14:46:53.747868+00:00 ubuntu-soc kernel: In-situ OAM (IOAM) with IPv6
2026-06-16T14:46:53.747869+00:00 ubuntu-soc kernel: NET: Registered PF_PACKET protocol family
2026-06-16T14:46:53.747869+00:00 ubuntu-soc kernel: Key type dns_resolver registered
2026-06-16T14:46:53.747869+00:00 ubuntu-soc kernel: IPI shorthand broadcast: enabled
2026-06-16T14:46:53.747870+00:00 ubuntu-soc kernel: sched_clock: Marking stable (679063882, 229082635)->(1224938324, -316791807)
2026-06-16T14:46:53.747870+00:00 ubuntu-soc kernel: registered taskstats version 1
2026-06-16T14:46:53.747876+00:00 ubuntu-soc kernel: Loading compiled-in X.509 certificates
2026-06-16T14:46:53.747877+00:00 ubuntu-soc kernel: Loaded X.509 cert 'Build time autogenerated kernel key: 9f2447cfa7c28d59d120e61c9760dd35ebc0ec03'
2026-06-16T14:46:53.747878+00:00 ubuntu-soc kernel: Loaded X.509 cert 'Canonical Ltd. Live Patch Signing 2025 Kmod: d541cef61dc7e793b7eb7e899970a2eef0b5dc8c'
2026-06-16T14:46:53.747878+00:00 ubuntu-soc kernel: Loaded X.509 cert 'Canonical Ltd. Live Patch Signing: 14df34d1a87cf37625abec039ef2bf521249b969'
2026-06-16T14:46:53.747879+00:00 ubuntu-soc kernel: Loaded X.509 cert 'Canonical Ltd. Kernel Module Signing 2025 Kmod: 4627603d2357a2a3f81006370894c221175893e9'
2026-06-16T14:46:53.747879+00:00 ubuntu-soc kernel: Loaded X.509 cert 'Canonical Ltd. Kernel Module Signing: 88f752e560a1e0737e31163a466ad7b70a850c19'
2026-06-16T14:46:53.747884+00:00 ubuntu-soc kernel: blacklist: Loading compiled-in revocation X.509 certificates
2026-06-16T14:46:53.747886+00:00 ubuntu-soc kernel: Loaded X.509 cert 'Canonical Ltd. Secure Boot Signing: 61482aa2830d0ab2ad5af10b7250da9033ddcef0'
2026-06-16T14:46:53.747886+00:00 ubuntu-soc kernel: Loaded X.509 cert 'Canonical Ltd. Secure Boot Signing (2017): 242ade75ac4a15e50d50c84b0d45ff3eae707a03'
2026-06-16T14:46:53.747887+00:00 ubuntu-soc kernel: Loaded X.509 cert 'Canonical Ltd. Secure Boot Signing (ESM 2018): 365188c1d374d6b07c3c8f240f8ef722433d6a8b'
2026-06-16T14:46:53.747887+00:00 ubuntu-soc kernel: ata1.00: ATAPI: VBOX CD-ROM, 1.0, max UDMA/133
2026-06-16T14:46:53.747887+00:00 ubuntu-soc kernel: Loaded X.509 cert 'Canonical Ltd. Secure Boot Signing (2019): c0746fd6c5da3ae827864651ad66ae47fe24b3e8'
2026-06-16T14:46:53.747894+00:00 ubuntu-soc kernel: Loaded X.509 cert 'Canonical Ltd. Secure Boot Signing (2021 v1): a8d54bbb3825cfb94fa13c9f8a594a195c107b8d'
2026-06-16T14:46:53.747894+00:00 ubuntu-soc kernel: Loaded X.509 cert 'Canonical Ltd. Secure Boot Signing (2021 v2): 4cf046892d6fd3c9a5b03f98d845f90851dc6a8c'
2026-06-16T14:46:53.747895+00:00 ubuntu-soc kernel: Loaded X.509 cert 'Canonical Ltd. Secure Boot Signing (2021 v3): 100437bb6de6e469b581e61cd66bce3ef4ed53af'
2026-06-16T14:46:53.747895+00:00 ubuntu-soc kernel: Loaded X.509 cert 'Canonical Ltd. Secure Boot Signing (Ubuntu Core 2019): c1d57b8f6b743f23ee41f4f7ee292f06eecadfb9'
2026-06-16T14:46:53.747896+00:00 ubuntu-soc kernel: Demotion targets for Node 0: null
2026-06-16T14:46:53.747901+00:00 ubuntu-soc kernel: scsi 0:0:0:0: CD-ROM            VBOX     CD-ROM           1.0  PQ: 0 ANSI: 5
2026-06-16T14:46:53.747902+00:00 ubuntu-soc kernel: Key type .fscrypt registered
2026-06-16T14:46:53.747903+00:00 ubuntu-soc kernel: Key type fscrypt-provisioning registered
2026-06-16T14:46:53.747903+00:00 ubuntu-soc kernel: Key type big_key registered
2026-06-16T14:46:53.747903+00:00 ubuntu-soc kernel: sr 0:0:0:0: [sr0] scsi3-mmc drive: 32x/32x xa/form2 tray
2026-06-16T14:46:53.747904+00:00 ubuntu-soc kernel: cdrom: Uniform CD-ROM driver Revision: 3.20
2026-06-16T14:46:53.747909+00:00 ubuntu-soc kernel: sr 0:0:0:0: Attached scsi CD-ROM sr0
2026-06-16T14:46:53.747911+00:00 ubuntu-soc kernel: sr 0:0:0:0: Attached scsi generic sg0 type 5
2026-06-16T14:46:53.747911+00:00 ubuntu-soc kernel: Key type encrypted registered
2026-06-16T14:46:53.747911+00:00 ubuntu-soc kernel: AppArmor: AppArmor sha256 policy hashing enabled
2026-06-16T14:46:53.747912+00:00 ubuntu-soc kernel: ima: No TPM chip found, activating TPM-bypass!
2026-06-16T14:46:53.747912+00:00 ubuntu-soc kernel: Loading compiled-in module X.509 certificates
2026-06-16T14:46:53.747913+00:00 ubuntu-soc kernel: Loaded X.509 cert 'Build time autogenerated kernel key: 9f2447cfa7c28d59d120e61c9760dd35ebc0ec03'
2026-06-16T14:46:53.747918+00:00 ubuntu-soc kernel: ima: Allocated hash algorithm: sha256
2026-06-16T14:46:53.747919+00:00 ubuntu-soc kernel: ima: No architecture policies found
2026-06-16T14:46:53.747920+00:00 ubuntu-soc kernel: evm: Initialising EVM extended attributes:
2026-06-16T14:46:53.747920+00:00 ubuntu-soc kernel: evm: security.selinux
2026-06-16T14:46:53.747921+00:00 ubuntu-soc kernel: evm: security.SMACK64
2026-06-16T14:46:53.747921+00:00 ubuntu-soc kernel: evm: security.SMACK64EXEC
2026-06-16T14:46:53.747926+00:00 ubuntu-soc kernel: evm: security.SMACK64TRANSMUTE
2026-06-16T14:46:53.747928+00:00 ubuntu-soc kernel: evm: security.SMACK64MMAP
2026-06-16T14:46:53.747928+00:00 ubuntu-soc kernel: evm: security.apparmor
2026-06-16T14:46:53.747928+00:00 ubuntu-soc kernel: evm: security.ima
2026-06-16T14:46:53.747929+00:00 ubuntu-soc kernel: evm: security.capability
2026-06-16T14:46:53.747929+00:00 ubuntu-soc kernel: evm: HMAC attrs: 0x1
2026-06-16T14:46:53.747929+00:00 ubuntu-soc kernel: PM:   Magic number: 14:371:738
2026-06-16T14:46:53.747935+00:00 ubuntu-soc kernel: RAS: Correctable Errors collector initialized.
2026-06-16T14:46:53.747936+00:00 ubuntu-soc kernel: clk: Disabling unused clocks
2026-06-16T14:46:53.747937+00:00 ubuntu-soc kernel: PM: genpd: Disabling unused power domains
2026-06-16T14:46:53.747937+00:00 ubuntu-soc kernel: Freeing unused decrypted memory: 2028K
2026-06-16T14:46:53.747938+00:00 ubuntu-soc kernel: Freeing unused kernel image (initmem) memory: 5292K
2026-06-16T14:46:53.747938+00:00 ubuntu-soc kernel: Write protecting the kernel read-only data: 43008k
2026-06-16T14:46:53.747943+00:00 ubuntu-soc kernel: Freeing unused kernel image (text/rodata gap) memory: 804K
2026-06-16T14:46:53.747945+00:00 ubuntu-soc kernel: Freeing unused kernel image (rodata/data gap) memory: 1684K
2026-06-16T14:46:53.747945+00:00 ubuntu-soc kernel: x86/mm: Checked W+X mappings: passed, no W+X pages found.
2026-06-16T14:46:53.747946+00:00 ubuntu-soc kernel: Run /init as init process
2026-06-16T14:46:53.747946+00:00 ubuntu-soc kernel:   with arguments:
2026-06-16T14:46:53.747946+00:00 ubuntu-soc kernel:     /init
2026-06-16T14:46:53.745760+00:00 ubuntu-soc systemd[1]: Finished modprobe@dm_multipath.service - Load Kernel Module dm_multipath.
2026-06-16T14:46:53.765108+00:00 ubuntu-soc systemd[1]: modprobe@efi_pstore.service: Deactivated successfully.
2026-06-16T14:46:53.765122+00:00 ubuntu-soc systemd[1]: Finished modprobe@efi_pstore.service - Load Kernel Module efi_pstore.
2026-06-16T14:46:53.765128+00:00 ubuntu-soc systemd[1]: Mounted sys-fs-fuse-connections.mount - FUSE Control File System.
2026-06-16T14:46:53.765131+00:00 ubuntu-soc systemd[1]: Finished systemd-modules-load.service - Load Kernel Modules.
2026-06-16T14:46:53.765134+00:00 ubuntu-soc systemd[1]: Finished systemd-remount-fs.service - Remount Root and Kernel File Systems.
2026-06-16T14:46:53.765137+00:00 ubuntu-soc systemd[1]: Finished systemd-udev-load-credentials.service - Load udev Rules from Credentials.
2026-06-16T14:46:53.765149+00:00 ubuntu-soc systemd[1]: Activating swap swap.img.swap - /swap.img...
2026-06-16T14:46:53.765153+00:00 ubuntu-soc systemd[1]: Starting multipathd.service - Device-Mapper Multipath Device Controller...
2026-06-16T14:46:53.765156+00:00 ubuntu-soc systemd[1]: Starting cloud-init-main.service - Cloud-init: Single Process...
2026-06-16T14:46:53.765159+00:00 ubuntu-soc systemd[1]: systemd-hwdb-update.service - Rebuild Hardware Database skipped, no trigger condition checks were met.
2026-06-16T14:46:53.765162+00:00 ubuntu-soc systemd[1]: Starting systemd-journal-flush.service - Flush Journal to Persistent Storage...
2026-06-16T14:46:53.765165+00:00 ubuntu-soc systemd[1]: systemd-pstore.service - Platform Persistent Storage Archival skipped, unmet condition check ConditionDirectoryNotEmpty=/sys/fs/pstore
2026-06-16T14:46:53.765174+00:00 ubuntu-soc systemd[1]: Starting systemd-random-seed.service - Load/Save OS Random Seed...
2026-06-16T14:46:53.765177+00:00 ubuntu-soc systemd[1]: Starting systemd-sysctl.service - Apply Kernel Variables...
2026-06-16T14:46:53.765180+00:00 ubuntu-soc systemd[1]: Starting systemd-tmpfiles-setup-dev-early.service - Create Static Device Nodes in /dev gracefully...
2026-06-16T14:46:53.765183+00:00 ubuntu-soc multipathd[852]: multipathd v0.14.3: start up
2026-06-16T14:46:53.765187+00:00 ubuntu-soc systemd[1]: systemd-tpm2-setup.service - TPM SRK Setup skipped, unmet condition check ConditionSecurity=measured-uki
2026-06-16T14:46:53.765195+00:00 ubuntu-soc multipathd[852]: reconfigure: setting up paths and maps
2026-06-16T14:46:53.765199+00:00 ubuntu-soc multipathd[852]: _check_bindings_file: failed to read header from /etc/multipath/bindings
2026-06-16T14:46:53.765203+00:00 ubuntu-soc multipathd[852]: updated bindings file /etc/multipath/bindings
2026-06-16T14:46:53.765205+00:00 ubuntu-soc systemd[1]: systemd-pcrnvdone.service - TPM PCR NvPCR Initialization Separator skipped, unmet condition check ConditionSecurity=measured-uki
2026-06-16T14:46:53.765208+00:00 ubuntu-soc systemd[1]: Activated swap swap.img.swap - /swap.img.
2026-06-16T14:46:53.765211+00:00 ubuntu-soc systemd[1]: Finished systemd-udev-trigger.service - Coldplug All udev Devices.
2026-06-16T14:46:53.765219+00:00 ubuntu-soc systemd[1]: Reached target swap.target - Swaps.
2026-06-16T14:46:53.765223+00:00 ubuntu-soc systemd[1]: Mounting tmp.mount - Temporary Directory /tmp...
2026-06-16T14:46:53.765226+00:00 ubuntu-soc systemd[1]: Started multipathd.service - Device-Mapper Multipath Device Controller.
2026-06-16T14:46:53.765229+00:00 ubuntu-soc systemd[1]: Finished systemd-random-seed.service - Load/Save OS Random Seed.
2026-06-16T14:46:53.765231+00:00 ubuntu-soc systemd[1]: Mounted tmp.mount - Temporary Directory /tmp.
2026-06-16T14:46:53.765234+00:00 ubuntu-soc systemd[1]: Finished systemd-journal-flush.service - Flush Journal to Persistent Storage.
2026-06-16T14:46:53.765242+00:00 ubuntu-soc systemd[1]: Finished systemd-sysctl.service - Apply Kernel Variables.
2026-06-16T14:46:53.765246+00:00 ubuntu-soc systemd[1]: Finished systemd-tmpfiles-setup-dev-early.service - Create Static Device Nodes in /dev gracefully.
2026-06-16T14:46:53.765249+00:00 ubuntu-soc systemd[1]: Starting systemd-sysusers.service - Create System Users...
2026-06-16T14:46:53.765252+00:00 ubuntu-soc systemd[1]: Finished systemd-sysusers.service - Create System Users.
2026-06-16T14:46:53.765255+00:00 ubuntu-soc systemd[1]: Starting systemd-resolved.service - Network Name Resolution...
2026-06-16T14:46:53.765258+00:00 ubuntu-soc systemd[1]: Starting systemd-tmpfiles-setup-dev.service - Create Static Device Nodes in /dev...
2026-06-16T14:46:53.765266+00:00 ubuntu-soc systemd[1]: Finished systemd-tmpfiles-setup-dev.service - Create Static Device Nodes in /dev.
2026-06-16T14:46:53.765270+00:00 ubuntu-soc systemd[1]: Reached target local-fs-pre.target - Preparation for Local File Systems.
2026-06-16T14:46:53.765272+00:00 ubuntu-soc systemd[1]: Starting systemd-udevd.service - Rule-based Manager for Device Events and Files...
2026-06-16T14:46:53.765276+00:00 ubuntu-soc systemd-resolved[878]: Positive Trust Anchors:
2026-06-16T14:46:53.765279+00:00 ubuntu-soc systemd-resolved[878]: . IN DS 20326 8 2 e06d44b80b8f1d39a95c0b0d7c65d08458e880409bbc683457104237c7f8ec8d
2026-06-16T14:46:53.765281+00:00 ubuntu-soc systemd-resolved[878]: . IN DS 38696 8 2 683d2d0acb8c9b712a1948b27f741219298d0a450d612c483af444a4c0fb2b16
2026-06-16T14:46:53.765290+00:00 ubuntu-soc systemd-resolved[878]: Negative trust anchors: home.arpa 10.in-addr.arpa 16.172.in-addr.arpa 17.172.in-addr.arpa 18.172.in-addr.arpa 19.172.in-addr.arpa 20.172.in-addr.arpa 21.172.in-addr.arpa 22.172.in-addr.arpa 23.172.in-addr.arpa 24.172.in-addr.arpa 25.172.in-addr.arpa 26.172.in-addr.arpa 27.172.in-addr.arpa 28.172.in-addr.arpa 29.172.in-addr.arpa 30.172.in-addr.arpa 31.172.in-addr.arpa 170.0.0.192.in-addr.arpa 171.0.0.192.in-addr.arpa 168.192.in-addr.arpa d.f.ip6.arpa ipv4only.arpa resolver.arpa corp home internal intranet lan local private test
2026-06-16T14:46:53.765294+00:00 ubuntu-soc systemd-resolved[878]: Using system hostname 'ubuntu-soc'.
2026-06-16T14:46:53.765297+00:00 ubuntu-soc systemd[1]: Started systemd-resolved.service - Network Name Resolution.
2026-06-16T14:46:53.765300+00:00 ubuntu-soc systemd[1]: Reached target nss-lookup.target - Host and Network Name Lookups.
2026-06-16T14:46:53.765302+00:00 ubuntu-soc systemd-udevd[882]: Using default interface naming scheme 'v259'.
2026-06-16T14:46:53.765310+00:00 ubuntu-soc systemd[1]: Started systemd-udevd.service - Rule-based Manager for Device Events and Files.
2026-06-16T14:46:53.765314+00:00 ubuntu-soc systemd[1]: plymouth-start.service - Show Plymouth Boot Screen skipped, unmet condition check ConditionKernelCommandLine=splash
2026-06-16T14:46:53.765318+00:00 ubuntu-soc systemd[1]: Started systemd-ask-password-console.path - Dispatch Password Requests to Console Directory Watch.
2026-06-16T14:46:53.765321+00:00 ubuntu-soc systemd[1]: systemd-ask-password-plymouth.path - Forward Password Requests to Plymouth Directory Watch skipped, unmet condition check ConditionPathExists=/run/plymouth/pid
2026-06-16T14:46:53.765324+00:00 ubuntu-soc systemd[1]: Reached target cryptsetup.target - Local Encrypted Volumes.
2026-06-16T14:46:53.765332+00:00 ubuntu-soc systemd[1]: modprobe@configfs.service - Load Kernel Module configfs skipped, unmet condition check ConditionKernelModuleLoaded=!configfs
2026-06-16T14:46:53.765336+00:00 ubuntu-soc systemd[1]: modprobe@fuse.service - Load Kernel Module fuse skipped, unmet condition check ConditionKernelModuleLoaded=!fuse
2026-06-16T14:46:53.765339+00:00 ubuntu-soc 55-scsi-sg3_id.rules: WARNING: SCSI device sr0 has no device ID, consider changing .SCSI_ID_SERIAL_SRC in 00-scsi-sg3_config.rules
2026-06-16T14:46:53.765345+00:00 ubuntu-soc systemd[1]: Started cloud-init-main.service - Cloud-init: Single Process.
2026-06-16T14:46:53.765348+00:00 ubuntu-soc lvm[952]: PV /dev/sda3 online, VG ubuntu-vg is complete.
2026-06-16T14:46:53.765351+00:00 ubuntu-soc systemd[1]: Found device dev-disk-by\x2duuid-5aa03ea8\x2d8b23\x2d43dc\x2db4b3\x2df57c2b9fb1f1.device - VBOX_HARDDISK 2.
2026-06-16T14:46:53.765359+00:00 ubuntu-soc systemd[1]: Condition check resulted in sys-devices-virtual-misc-rfkill.device - /sys/devices/virtual/misc/rfkill being skipped.
2026-06-16T14:46:53.765368+00:00 ubuntu-soc systemd[1]: Listening on systemd-rfkill.socket - Load/Save RF Kill Switch Status /dev/rfkill Watch.
2026-06-16T14:46:53.765373+00:00 ubuntu-soc systemd[1]: Starting systemd-fsck@dev-disk-by\x2duuid-5aa03ea8\x2d8b23\x2d43dc\x2db4b3\x2df57c2b9fb1f1.service - File System Check on /dev/disk/by-uuid/5aa03ea8-8b23-43dc-b4b3-f57c2b9fb1f1...
2026-06-16T14:46:53.765376+00:00 ubuntu-soc systemd[1]: Started lvm-activate-ubuntu-vg.service - [systemd-run] /usr/sbin/lvm vgchange -aay --autoactivation event ubuntu-vg.
2026-06-16T14:46:53.747952+00:00 ubuntu-soc kernel:   with environment:
2026-06-16T14:46:53.765424+00:00 ubuntu-soc kernel:     HOME=/
2026-06-16T14:46:53.765428+00:00 ubuntu-soc kernel:     TERM=linux
2026-06-16T14:46:53.765428+00:00 ubuntu-soc kernel: systemd[1]: Inserted module 'autofs4'
2026-06-16T14:46:53.765635+00:00 ubuntu-soc kernel: systemd[1]: Successfully made /usr/ read-only.
2026-06-16T14:46:53.765636+00:00 ubuntu-soc kernel: systemd[1]: systemd 259.5-0ubuntu3 running in system mode (+PAM +AUDIT +SELINUX +APPARMOR +IMA +IPE +SMACK +SECCOMP +GCRYPT -GNUTLS +OPENSSL +ACL +BLKID +CURL +ELFUTILS +FIDO2 +IDN2 -IDN +KMOD +LIBCRYPTSETUP +LIBCRYPTSETUP_PLUGINS +LIBFDISK +PCRE2 +PWQUALITY +P11KIT +QRENCODE +TPM2 +BZIP2 +LZ4 +XZ +ZLIB +ZSTD +BPF_FRAMEWORK +BTF -XKBCOMMON -UTMP +SYSVINIT +LIBARCHIVE)
2026-06-16T14:46:53.765637+00:00 ubuntu-soc kernel: systemd[1]: Detected virtualization oracle.
2026-06-16T14:46:53.765677+00:00 ubuntu-soc kernel: systemd[1]: Detected architecture x86-64.
2026-06-16T14:46:53.765678+00:00 ubuntu-soc kernel: systemd[1]: Running in initrd.
2026-06-16T14:46:53.765679+00:00 ubuntu-soc kernel: systemd[1]: Hostname set to <localhost.localdomain>.
2026-06-16T14:46:53.765679+00:00 ubuntu-soc kernel: usb 1-1: new full-speed USB device number 2 using ohci-pci
2026-06-16T14:46:53.765680+00:00 ubuntu-soc kernel: systemd[1]: bpf-restrict-fs: BPF LSM hook not enabled in the kernel, BPF LSM not supported.
2026-06-16T14:46:53.765680+00:00 ubuntu-soc kernel: systemd[1]: Queued start job for default target initrd.target.
2026-06-16T14:46:53.765681+00:00 ubuntu-soc kernel: systemd[1]: Started systemd-ask-password-console.path - Dispatch Password Requests to Console Directory Watch.
2026-06-16T14:46:53.765681+00:00 ubuntu-soc kernel: systemd[1]: Expecting device dev-disk-by\x2duuid-5aa03ea8\x2d8b23\x2d43dc\x2db4b3\x2df57c2b9fb1f1.device - /dev/disk/by-uuid/5aa03ea8-8b23-43dc-b4b3-f57c2b9fb1f1...
2026-06-16T14:46:53.765682+00:00 ubuntu-soc kernel: systemd[1]: Expecting device dev-mapper-ubuntu\x2d\x2dvg\x2dubuntu\x2d\x2dlv.device - /dev/mapper/ubuntu--vg-ubuntu--lv...
2026-06-16T14:46:53.765682+00:00 ubuntu-soc kernel: usb 1-1: New USB device found, idVendor=80ee, idProduct=0021, bcdDevice= 1.00
2026-06-16T14:46:53.765683+00:00 ubuntu-soc kernel: usb 1-1: New USB device strings: Mfr=1, Product=3, SerialNumber=0
2026-06-16T14:46:53.765683+00:00 ubuntu-soc kernel: usb 1-1: Product: USB Tablet
2026-06-16T14:46:53.765683+00:00 ubuntu-soc kernel: usb 1-1: Manufacturer: VirtualBox
2026-06-16T14:46:53.765684+00:00 ubuntu-soc kernel: systemd[1]: Reached target initrd-usr-fs.target - Initrd /usr File System.
2026-06-16T14:46:53.765684+00:00 ubuntu-soc kernel: systemd[1]: Reached target paths.target - Path Units.
2026-06-16T14:46:53.765685+00:00 ubuntu-soc kernel: systemd[1]: Reached target slices.target - Slice Units.
2026-06-16T14:46:53.765685+00:00 ubuntu-soc kernel: systemd[1]: Reached target swap.target - Swaps.
2026-06-16T14:46:53.765685+00:00 ubuntu-soc kernel: systemd[1]: Reached target timers.target - Timer Units.
2026-06-16T14:46:53.765686+00:00 ubuntu-soc kernel: systemd[1]: Listening on systemd-journald-dev-log.socket - Journal Socket (/dev/log).
2026-06-16T14:46:53.765686+00:00 ubuntu-soc kernel: systemd[1]: Listening on systemd-journald.socket - Journal Sockets.
2026-06-16T14:46:53.765686+00:00 ubuntu-soc kernel: systemd[1]: Listening on systemd-networkd-resolve-hook.socket - Network Management Resolve Hook Socket.
2026-06-16T14:46:53.765687+00:00 ubuntu-soc kernel: systemd[1]: Listening on systemd-networkd.socket - Network Management Netlink Socket.
2026-06-16T14:46:53.765687+00:00 ubuntu-soc kernel: systemd[1]: Listening on systemd-udevd-control.socket - udev Control Socket.
2026-06-16T14:46:53.765687+00:00 ubuntu-soc kernel: systemd[1]: Listening on systemd-udevd-kernel.socket - udev Kernel Socket.
2026-06-16T14:46:53.765688+00:00 ubuntu-soc kernel: systemd[1]: Reached target sockets.target - Socket Units.
2026-06-16T14:46:53.765688+00:00 ubuntu-soc kernel: systemd[1]: Starting dracut-cmdline-ask.service - dracut ask for additional cmdline parameters...
2026-06-16T14:46:53.765688+00:00 ubuntu-soc kernel: systemd[1]: Starting kmod-static-nodes.service - Create List of Static Device Nodes...
2026-06-16T14:46:53.765689+00:00 ubuntu-soc kernel: systemd[1]: systemd-battery-check.service - Early Battery Level Check skipped, unmet condition check ConditionVirtualization=no
2026-06-16T14:46:53.765689+00:00 ubuntu-soc kernel: systemd[1]: Starting systemd-journald.service - Journal Service...
2026-06-16T14:46:53.765689+00:00 ubuntu-soc kernel: systemd[1]: Starting systemd-modules-load.service - Load Kernel Modules...
2026-06-16T14:46:53.765690+00:00 ubuntu-soc kernel: systemd-journald[178]: Collecting audit messages is disabled.
2026-06-16T14:46:53.765690+00:00 ubuntu-soc kernel: systemd[1]: Starting systemd-network-generator.service - Generate Network Units from Kernel Command Line...
2026-06-16T14:46:53.765691+00:00 ubuntu-soc kernel: systemd[1]: systemd-pcrphase-initrd.service - TPM PCR Barrier (initrd) skipped, unmet condition check ConditionSecurity=measured-uki
2026-06-16T14:46:53.765691+00:00 ubuntu-soc kernel: systemd[1]: Started systemd-journald.service - Journal Service.
2026-06-16T14:46:53.765691+00:00 ubuntu-soc kernel: e1000: Intel(R) PRO/1000 Network Driver
2026-06-16T14:46:53.765692+00:00 ubuntu-soc kernel: e1000: Copyright (c) 1999-2006 Intel Corporation.
2026-06-16T14:46:53.765692+00:00 ubuntu-soc kernel: ACPI: video: Video Device [GFX0] (multi-head: yes  rom: no  post: no)
2026-06-16T14:46:53.765692+00:00 ubuntu-soc kernel: input: Video Bus as /devices/pci0000:00/acpi.video_bus.0/input/input4
2026-06-16T14:46:53.765693+00:00 ubuntu-soc kernel: hid: raw HID events driver (C) Jiri Kosina
2026-06-16T14:46:53.765693+00:00 ubuntu-soc kernel: ahci 0000:00:0d.0: SSS flag set, parallel bus scan disabled
2026-06-16T14:46:53.765694+00:00 ubuntu-soc kernel: ahci 0000:00:0d.0: AHCI vers 0001.0100, 32 command slots, 3 Gbps, SATA mode
2026-06-16T14:46:53.765694+00:00 ubuntu-soc kernel: ahci 0000:00:0d.0: 1/1 ports implemented (port mask 0x1)
2026-06-16T14:46:53.765694+00:00 ubuntu-soc kernel: ahci 0000:00:0d.0: flags: 64bit ncq stag only ccc 
2026-06-16T14:46:53.765695+00:00 ubuntu-soc kernel: input: ImExPS/2 Generic Explorer Mouse as /devices/platform/i8042/serio1/input/input5
2026-06-16T14:46:53.765695+00:00 ubuntu-soc kernel: scsi host2: ahci
2026-06-16T14:46:53.765696+00:00 ubuntu-soc kernel: ata3: SATA max UDMA/133 abar m8192@0xf0806000 port 0xf0806100 irq 21 lpm-pol 1
2026-06-16T14:46:53.765696+00:00 ubuntu-soc kernel: usbcore: registered new interface driver usbhid
2026-06-16T14:46:53.765696+00:00 ubuntu-soc kernel: usbhid: USB HID core driver
2026-06-16T14:46:53.765697+00:00 ubuntu-soc kernel: ata3: SATA link up 3.0 Gbps (SStatus 123 SControl 300)
2026-06-16T14:46:53.765697+00:00 ubuntu-soc kernel: ata3.00: ATA-6: VBOX HARDDISK, 1.0, max UDMA/133
2026-06-16T14:46:53.765697+00:00 ubuntu-soc kernel: ata3.00: 52428800 sectors, multi 128: LBA48 NCQ (depth 32)
2026-06-16T14:46:53.765697+00:00 ubuntu-soc kernel: ata3.00: configured for UDMA/133
2026-06-16T14:46:53.765698+00:00 ubuntu-soc kernel: scsi 2:0:0:0: Direct-Access     ATA      VBOX HARDDISK    1.0  PQ: 0 ANSI: 5
2026-06-16T14:46:53.765698+00:00 ubuntu-soc kernel: sd 2:0:0:0: [sda] 52428800 512-byte logical blocks: (26.8 GB/25.0 GiB)
2026-06-16T14:46:53.765699+00:00 ubuntu-soc kernel: sd 2:0:0:0: [sda] Write Protect is off
2026-06-16T14:46:53.765699+00:00 ubuntu-soc kernel: sd 2:0:0:0: [sda] Mode Sense: 00 3a 00 00
2026-06-16T14:46:53.765699+00:00 ubuntu-soc kernel: sd 2:0:0:0: [sda] Write cache: enabled, read cache: enabled, doesn't support DPO or FUA
2026-06-16T14:46:53.765700+00:00 ubuntu-soc kernel: sd 2:0:0:0: [sda] Preferred minimum I/O size 512 bytes
2026-06-16T14:46:53.765700+00:00 ubuntu-soc kernel: sd 2:0:0:0: Attached scsi generic sg1 type 0
2026-06-16T14:46:53.765700+00:00 ubuntu-soc kernel:  sda: sda1 sda2 sda3
2026-06-16T14:46:53.765701+00:00 ubuntu-soc kernel: sd 2:0:0:0: [sda] Attached SCSI disk
2026-06-16T14:46:53.765701+00:00 ubuntu-soc kernel: input: VirtualBox USB Tablet as /devices/pci0000:00/0000:00:06.0/usb1/1-1/1-1:1.0/0003:80EE:0021.0001/input/input6
2026-06-16T14:46:53.765701+00:00 ubuntu-soc kernel: hid-generic 0003:80EE:0021.0001: input,hidraw0: USB HID v1.10 Mouse [VirtualBox USB Tablet] on usb-0000:00:06.0-1/input0
2026-06-16T14:46:53.765702+00:00 ubuntu-soc kernel: e1000 0000:00:03.0 eth0: (PCI:33MHz:32-bit) 08:00:27:ba:49:27
2026-06-16T14:46:53.765702+00:00 ubuntu-soc kernel: e1000 0000:00:03.0 eth0: Intel(R) PRO/1000 Network Connection
2026-06-16T14:46:53.765703+00:00 ubuntu-soc kernel: e1000 0000:00:03.0 enp0s3: renamed from eth0
2026-06-16T14:46:53.765703+00:00 ubuntu-soc kernel: EXT4-fs (dm-0): orphan cleanup on readonly fs
2026-06-16T14:46:53.765703+00:00 ubuntu-soc kernel: EXT4-fs (dm-0): mounted filesystem 1fc8b9cc-05f6-4845-97a8-98f2197e3066 ro with ordered data mode. Quota mode: none.
2026-06-16T14:46:53.765704+00:00 ubuntu-soc kernel: e1000: enp0s3 NIC Link is Up 1000 Mbps Full Duplex, Flow Control: RX
2026-06-16T14:46:53.765704+00:00 ubuntu-soc kernel: systemd-journald[178]: Received SIGTERM from PID 1 (systemd).
2026-06-16T14:46:53.765704+00:00 ubuntu-soc kernel: systemd[1]: systemd 259.5-0ubuntu3 running in system mode (+PAM +AUDIT +SELINUX +APPARMOR +IMA +IPE +SMACK +SECCOMP +GCRYPT -GNUTLS +OPENSSL +ACL +BLKID +CURL +ELFUTILS +FIDO2 +IDN2 -IDN +KMOD +LIBCRYPTSETUP +LIBCRYPTSETUP_PLUGINS +LIBFDISK +PCRE2 +PWQUALITY +P11KIT +QRENCODE +TPM2 +BZIP2 +LZ4 +XZ +ZLIB +ZSTD +BPF_FRAMEWORK +BTF -XKBCOMMON -UTMP +SYSVINIT +LIBARCHIVE)
2026-06-16T14:46:53.765705+00:00 ubuntu-soc kernel: systemd[1]: Detected virtualization oracle.
2026-06-16T14:46:53.765705+00:00 ubuntu-soc kernel: systemd[1]: Detected architecture x86-64.
2026-06-16T14:46:53.765706+00:00 ubuntu-soc kernel: systemd[1]: Hostname set to <ubuntu-soc>.
2026-06-16T14:46:53.765706+00:00 ubuntu-soc kernel: systemd[1]: bpf-restrict-fs: BPF LSM hook not enabled in the kernel, BPF LSM not supported.
2026-06-16T14:46:53.765706+00:00 ubuntu-soc kernel: Guest personality initialized and is inactive
2026-06-16T14:46:53.765707+00:00 ubuntu-soc kernel: VMCI host device registered (name=vmci, major=10, minor=262)
2026-06-16T14:46:53.765707+00:00 ubuntu-soc kernel: Initialized host personality
2026-06-16T14:46:53.765707+00:00 ubuntu-soc kernel: NET: Registered PF_VSOCK protocol family
2026-06-16T14:46:53.765708+00:00 ubuntu-soc kernel: systemd[1]: /usr/lib/systemd/system/xfs_scrub_all.service:26: Support for option CPUAccounting= has been removed and it is ignored
2026-06-16T14:46:53.765708+00:00 ubuntu-soc kernel: systemd[1]: /usr/lib/systemd/system/system-xfs_scrub.slice:15: Support for option CPUAccounting= has been removed and it is ignored
2026-06-16T14:46:53.765709+00:00 ubuntu-soc kernel: systemd[1]: initrd-switch-root.service: Deactivated successfully.
2026-06-16T14:46:53.765709+00:00 ubuntu-soc kernel: systemd[1]: Stopped initrd-switch-root.service - Switch Root.
2026-06-16T14:46:53.765709+00:00 ubuntu-soc kernel: systemd[1]: systemd-journald.service: Scheduled restart job, restart counter is at 1.
2026-06-16T14:46:53.765710+00:00 ubuntu-soc kernel: systemd[1]: Created slice system-systemd\x2dfsck.slice - Slice /system/systemd-fsck.
2026-06-16T14:46:53.765710+00:00 ubuntu-soc kernel: systemd[1]: Created slice system-xfs_scrub.slice - xfs_scrub background service slice.
2026-06-16T14:46:53.765710+00:00 ubuntu-soc kernel: systemd[1]: Created slice user.slice - User and Session Slice.
2026-06-16T14:46:53.765711+00:00 ubuntu-soc kernel: systemd[1]: Started systemd-ask-password-wall.path - Forward Password Requests to Wall Directory Watch.
2026-06-16T14:46:53.765738+00:00 ubuntu-soc kernel: systemd[1]: Set up automount proc-sys-fs-binfmt_misc.automount - Arbitrary Executable File Formats File System Automount Point.
2026-06-16T14:46:53.765739+00:00 ubuntu-soc kernel: systemd[1]: Expecting device dev-disk-by\x2duuid-5aa03ea8\x2d8b23\x2d43dc\x2db4b3\x2df57c2b9fb1f1.device - /dev/disk/by-uuid/5aa03ea8-8b23-43dc-b4b3-f57c2b9fb1f1...
2026-06-16T14:46:53.765739+00:00 ubuntu-soc kernel: systemd[1]: Reached target imports.target - Image Downloads.
2026-06-16T14:46:53.765740+00:00 ubuntu-soc kernel: systemd[1]: Stopped target initrd-switch-root.target - Switch Root.
2026-06-16T14:46:53.765740+00:00 ubuntu-soc kernel: systemd[1]: Stopped target initrd-fs.target - Initrd File Systems.
2026-06-16T14:46:53.765740+00:00 ubuntu-soc kernel: systemd[1]: Stopped target initrd-root-fs.target - Initrd Root File System.
2026-06-16T14:46:53.765741+00:00 ubuntu-soc kernel: systemd[1]: Reached target integritysetup.target - Local Integrity Protected Volumes.
2026-06-16T14:46:53.765741+00:00 ubuntu-soc kernel: systemd[1]: Reached target slices.target - Slice Units.
2026-06-16T14:46:53.765741+00:00 ubuntu-soc kernel: systemd[1]: Reached target snapd.mounts-pre.target - Mounting snaps.
2026-06-16T14:46:53.765742+00:00 ubuntu-soc kernel: systemd[1]: Reached target snapd.mounts.target - Mounted snaps.
2026-06-16T14:46:53.765742+00:00 ubuntu-soc kernel: systemd[1]: Reached target time-set.target - System Time Set.
2026-06-16T14:46:53.765742+00:00 ubuntu-soc kernel: systemd[1]: Reached target veritysetup.target - Local Verity Protected Volumes.
2026-06-16T14:46:53.765743+00:00 ubuntu-soc kernel: systemd[1]: Listening on dm-event.socket - Device-mapper event daemon FIFOs.
2026-06-16T14:46:53.765743+00:00 ubuntu-soc kernel: systemd[1]: Listening on lvm2-lvmpolld.socket - LVM2 poll daemon socket.
2026-06-16T14:46:53.765743+00:00 ubuntu-soc kernel: systemd[1]: Listening on syslog.socket - Syslog Socket.
2026-06-16T14:46:53.765744+00:00 ubuntu-soc kernel: systemd[1]: Listening on systemd-ask-password.socket - Query the User Interactively for a Password.
2026-06-16T14:46:53.765744+00:00 ubuntu-soc kernel: systemd[1]: Listening on systemd-creds.socket - Credential Encryption/Decryption.
2026-06-16T14:46:53.765744+00:00 ubuntu-soc kernel: systemd[1]: Listening on systemd-factory-reset.socket - Factory Reset Management.
2026-06-16T14:46:53.765745+00:00 ubuntu-soc kernel: systemd[1]: Listening on systemd-mute-console.socket - Console Output Muting Service Socket.
2026-06-16T14:46:53.765745+00:00 ubuntu-soc kernel: systemd[1]: Listening on systemd-networkd-resolve-hook.socket - Network Management Resolve Hook Socket.
2026-06-16T14:46:53.765745+00:00 ubuntu-soc kernel: systemd[1]: Listening on systemd-networkd-varlink.socket - Network Management Varlink Socket.
2026-06-16T14:46:53.765746+00:00 ubuntu-soc kernel: systemd[1]: Listening on systemd-networkd.socket - Network Management Netlink Socket.
2026-06-16T14:46:53.765746+00:00 ubuntu-soc kernel: systemd[1]: systemd-pcrextend.socket - TPM PCR Measurements skipped, unmet condition check ConditionSecurity=measured-uki
2026-06-16T14:46:53.765747+00:00 ubuntu-soc kernel: systemd[1]: systemd-pcrlock.socket - Make TPM PCR Policy skipped, unmet condition check ConditionSecurity=measured-uki
2026-06-16T14:46:53.765747+00:00 ubuntu-soc kernel: systemd[1]: Listening on systemd-resolved-monitor.socket - Resolve Monitor Varlink Socket.
2026-06-16T14:46:53.765747+00:00 ubuntu-soc kernel: systemd[1]: Listening on systemd-resolved-varlink.socket - Resolve Service Varlink Socket.
2026-06-16T14:46:53.765748+00:00 ubuntu-soc kernel: systemd[1]: Listening on systemd-udevd-control.socket - udev Control Socket.
2026-06-16T14:46:53.765748+00:00 ubuntu-soc kernel: systemd[1]: Listening on systemd-udevd-varlink.socket - udev Varlink Socket.
2026-06-16T14:46:53.765749+00:00 ubuntu-soc kernel: systemd[1]: Mounting dev-hugepages.mount - Huge Pages File System...
2026-06-16T14:46:53.765749+00:00 ubuntu-soc kernel: systemd[1]: Mounting dev-mqueue.mount - POSIX Message Queue File System...
2026-06-16T14:46:53.765749+00:00 ubuntu-soc kernel: systemd[1]: Mounting sys-kernel-debug.mount - Kernel Debug File System...
2026-06-16T14:46:53.765750+00:00 ubuntu-soc kernel: systemd[1]: Mounting sys-kernel-tracing.mount - Kernel Trace File System...
2026-06-16T14:46:53.765750+00:00 ubuntu-soc kernel: systemd[1]: Starting systemd-journald.service - Journal Service...
2026-06-16T14:46:53.765750+00:00 ubuntu-soc kernel: systemd[1]: Starting keyboard-setup.service - Set the console keyboard layout...
2026-06-16T14:46:53.765751+00:00 ubuntu-soc kernel: systemd[1]: Starting kmod-static-nodes.service - Create List of Static Device Nodes...
2026-06-16T14:46:53.765751+00:00 ubuntu-soc kernel: systemd[1]: Starting lvm2-monitor.service - Monitoring of LVM2 mirrors, snapshots etc. using dmeventd or progress polling...
2026-06-16T14:46:53.765751+00:00 ubuntu-soc kernel: systemd[1]: modprobe@configfs.service - Load Kernel Module configfs skipped, unmet condition check ConditionKernelModuleLoaded=!configfs
2026-06-16T14:46:53.765752+00:00 ubuntu-soc kernel: systemd[1]: Starting modprobe@dm_multipath.service - Load Kernel Module dm_multipath...
2026-06-16T14:46:53.765752+00:00 ubuntu-soc kernel: systemd[1]: modprobe@drm.service - Load Kernel Module drm skipped, unmet condition check ConditionKernelModuleLoaded=!drm
2026-06-16T14:46:53.765752+00:00 ubuntu-soc kernel: systemd[1]: Starting modprobe@efi_pstore.service - Load Kernel Module efi_pstore...
2026-06-16T14:46:53.765753+00:00 ubuntu-soc kernel: systemd-journald[819]: Collecting audit messages is disabled.
2026-06-16T14:46:53.765753+00:00 ubuntu-soc kernel: systemd[1]: modprobe@fuse.service - Load Kernel Module fuse skipped, unmet condition check ConditionKernelModuleLoaded=!fuse
2026-06-16T14:46:53.765753+00:00 ubuntu-soc kernel: systemd[1]: Mounting sys-fs-fuse-connections.mount - FUSE Control File System...
2026-06-16T14:46:53.765754+00:00 ubuntu-soc kernel: systemd[1]: netplan-ovs-cleanup.service - OpenVSwitch configuration for cleanup skipped, unmet condition check ConditionFileIsExecutable=/usr/bin/ovs-vsctl
2026-06-16T14:46:53.765754+00:00 ubuntu-soc kernel: systemd[1]: systemd-hibernate-clear.service - Clear Stale Hibernate Storage Info skipped, unmet condition check ConditionPathExists=/sys/firmware/efi/efivars/HibernateLocation-8cf2644b-4b0b-428f-9387-6d876050dc67
2026-06-16T14:46:53.765755+00:00 ubuntu-soc kernel: systemd[1]: Starting systemd-modules-load.service - Load Kernel Modules...
2026-06-16T14:46:53.765755+00:00 ubuntu-soc kernel: systemd[1]: systemd-pcrmachine.service - TPM PCR Machine ID Measurement skipped, unmet condition check ConditionSecurity=measured-uki
2026-06-16T14:46:53.765755+00:00 ubuntu-soc kernel: systemd[1]: systemd-pcrproduct.service - TPM NvPCR Product ID Measurement skipped, unmet condition check ConditionSecurity=measured-uki
2026-06-16T14:46:53.765756+00:00 ubuntu-soc kernel: systemd[1]: Starting systemd-remount-fs.service - Remount Root and Kernel File Systems...
2026-06-16T14:46:53.765756+00:00 ubuntu-soc kernel: systemd[1]: systemd-tpm2-setup-early.service - Early TPM SRK Setup skipped, unmet condition check ConditionSecurity=measured-uki
2026-06-16T14:46:53.765756+00:00 ubuntu-soc kernel: systemd[1]: Starting systemd-udev-load-credentials.service - Load udev Rules from Credentials...
2026-06-16T14:46:53.765757+00:00 ubuntu-soc kernel: systemd[1]: Starting systemd-udev-trigger.service - Coldplug All udev Devices...
2026-06-16T14:46:53.765757+00:00 ubuntu-soc kernel: systemd[1]: Started systemd-journald.service - Journal Service.
2026-06-16T14:46:53.765757+00:00 ubuntu-soc kernel: EXT4-fs (dm-0): re-mounted 1fc8b9cc-05f6-4845-97a8-98f2197e3066 r/w.
2026-06-16T14:46:53.765758+00:00 ubuntu-soc kernel: Adding 2097148k swap on /swap.img.  Priority:-1 extents:3 across:6545404k 
2026-06-16T14:46:53.765758+00:00 ubuntu-soc kernel: systemd-journald[819]: Received client request to flush runtime journal.
2026-06-16T14:46:53.765759+00:00 ubuntu-soc kernel: piix4_smbus 0000:00:07.0: SMBus Host Controller at 0x4100, revision 0
2026-06-16T14:46:53.765759+00:00 ubuntu-soc kernel: vboxguest: host-version: 7.2.8r173730 0x8000000f
2026-06-16T14:46:53.765759+00:00 ubuntu-soc kernel: vbg_heartbeat_init: Setting up heartbeat to trigger every 2000 milliseconds
2026-06-16T14:46:53.765760+00:00 ubuntu-soc kernel: input: VirtualBox mouse integration as /devices/pci0000:00/0000:00:04.0/input/input7
2026-06-16T14:46:53.765760+00:00 ubuntu-soc kernel: vmwgfx 0000:00:02.0: vgaarb: deactivate vga console
2026-06-16T14:46:53.765760+00:00 ubuntu-soc kernel: Console: switching to colour dummy device 80x25
2026-06-16T14:46:53.765761+00:00 ubuntu-soc kernel: vmwgfx 0000:00:02.0: [drm] FIFO at 0x00000000f0000000 size is 2048 KiB
2026-06-16T14:46:53.765761+00:00 ubuntu-soc kernel: vmwgfx 0000:00:02.0: [drm] VRAM at 0x00000000e0000000 size is 16384 KiB
2026-06-16T14:46:53.765761+00:00 ubuntu-soc kernel: vmwgfx 0000:00:02.0: [drm] Running on SVGA version 2.
2026-06-16T14:46:53.765762+00:00 ubuntu-soc kernel: vmwgfx 0000:00:02.0: [drm] Capabilities: rect copy, cursor, cursor bypass, cursor bypass 2, alpha cursor, extended fifo, pitchlock, irq mask, gmr, traces, gmr2, screen object 2, command buffers, command buffers 2, gbobject, cap2 register, 
2026-06-16T14:46:53.765762+00:00 ubuntu-soc kernel: vmwgfx 0000:00:02.0: [drm] Capabilities2: cursor mob, 
2026-06-16T14:46:53.765763+00:00 ubuntu-soc kernel: vmwgfx 0000:00:02.0: [drm] *ERROR* vmwgfx seems to be running on an unsupported hypervisor.
2026-06-16T14:46:53.765763+00:00 ubuntu-soc kernel: vmwgfx 0000:00:02.0: [drm] *ERROR* This configuration is likely broken.
2026-06-16T14:46:53.765763+00:00 ubuntu-soc kernel: vmwgfx 0000:00:02.0: [drm] *ERROR* Please switch to a supported graphics device to avoid problems.
2026-06-16T14:46:53.765764+00:00 ubuntu-soc kernel: vmwgfx 0000:00:02.0: [drm] DMA map mode: Caching DMA mappings.
2026-06-16T14:46:53.765764+00:00 ubuntu-soc kernel: vmwgfx 0000:00:02.0: [drm] Legacy memory limits: VRAM = 16384 KiB, FIFO = 2048 KiB, surface = 507904 KiB
2026-06-16T14:46:53.765764+00:00 ubuntu-soc kernel: vmwgfx 0000:00:02.0: [drm] MOB limits: max mob size = 131072 KiB, max mob pages = 4096
2026-06-16T14:46:53.765765+00:00 ubuntu-soc kernel: vmwgfx 0000:00:02.0: [drm] Max GMR ids is 8192
2026-06-16T14:46:53.765765+00:00 ubuntu-soc kernel: vmwgfx 0000:00:02.0: [drm] Max number of GMR pages is 1048576
2026-06-16T14:46:53.765779+00:00 ubuntu-soc kernel: vmwgfx 0000:00:02.0: [drm] Maximum display memory size is 16384 KiB
2026-06-16T14:46:53.765780+00:00 ubuntu-soc kernel: vmwgfx 0000:00:02.0: [drm] Screen Target display unit initialized
2026-06-16T14:46:53.765780+00:00 ubuntu-soc kernel: vmwgfx 0000:00:02.0: [drm] Fifo max 0x00200000 min 0x00001000 cap 0x00000355
2026-06-16T14:46:53.765780+00:00 ubuntu-soc kernel: vmwgfx 0000:00:02.0: [drm] Using command buffers with DMA pool.
2026-06-16T14:46:53.765781+00:00 ubuntu-soc kernel: vmwgfx 0000:00:02.0: [drm] Available shader model: Legacy.
2026-06-16T14:46:53.765781+00:00 ubuntu-soc kernel: [drm] Initialized vmwgfx 2.21.0 for 0000:00:02.0 on minor 0
2026-06-16T14:46:53.765781+00:00 ubuntu-soc kernel: fbcon: vmwgfxdrmfb (fb0) is primary device
2026-06-16T14:46:53.765782+00:00 ubuntu-soc kernel: Console: switching to colour frame buffer device 160x50
2026-06-16T14:46:53.765782+00:00 ubuntu-soc kernel: vmwgfx 0000:00:02.0: [drm] fb0: vmwgfxdrmfb frame buffer device
2026-06-16T14:46:53.765782+00:00 ubuntu-soc kernel: EXT4-fs (sda2): mounted filesystem 5aa03ea8-8b23-43dc-b4b3-f57c2b9fb1f1 r/w with ordered data mode. Quota mode: none.
2026-06-16T14:46:53.765783+00:00 ubuntu-soc kernel: RAPL PMU: API unit is 2^-32 Joules, 0 fixed counters, 335544320 ms ovfl timer
2026-06-16T14:46:53.765783+00:00 ubuntu-soc kernel: audit: type=1400 audit(1781621089.169:2): apparmor="STATUS" operation="profile_load" profile="unconfined" name="1password" pid=1049 comm="apparmor_parser"
2026-06-16T14:46:53.765784+00:00 ubuntu-soc kernel: audit: type=1400 audit(1781621089.171:3): apparmor="STATUS" operation="profile_load" profile="unconfined" name="Discord" pid=1050 comm="apparmor_parser"
2026-06-16T14:46:53.765784+00:00 ubuntu-soc kernel: audit: type=1400 audit(1781621089.188:4): apparmor="STATUS" operation="profile_load" profile="unconfined" name="QtWebEngineProcess" pid=1056 comm="apparmor_parser"
2026-06-16T14:46:53.765785+00:00 ubuntu-soc kernel: audit: type=1400 audit(1781621089.191:5): apparmor="STATUS" operation="profile_load" profile="unconfined" name=4D6F6E676F444220436F6D70617373 pid=1055 comm="apparmor_parser"
2026-06-16T14:46:53.765785+00:00 ubuntu-soc kernel: audit: type=1400 audit(1781621089.256:6): apparmor="STATUS" operation="profile_load" profile="unconfined" name="alsamixer" pid=1058 comm="apparmor_parser"
2026-06-16T14:46:53.765785+00:00 ubuntu-soc kernel: intel_rapl_msr: PL4 support detected.
2026-06-16T14:46:53.765786+00:00 ubuntu-soc kernel: snd_intel8x0 0000:00:05.0: allow list rate for 1028:0177 is 48000
2026-06-16T14:46:53.765786+00:00 ubuntu-soc kernel: audit: type=1400 audit(1781621089.335:7): apparmor="STATUS" operation="profile_load" profile="unconfined" name="babeld" pid=1083 comm="apparmor_parser"
2026-06-16T14:46:53.765787+00:00 ubuntu-soc kernel: audit: type=1400 audit(1781621089.339:8): apparmor="STATUS" operation="profile_load" profile="unconfined" name="balena-etcher" pid=1097 comm="apparmor_parser"
2026-06-16T14:46:53.765787+00:00 ubuntu-soc kernel: audit: type=1400 audit(1781621089.341:9): apparmor="STATUS" operation="profile_load" profile="unconfined" name="Xorg" pid=1057 comm="apparmor_parser"
2026-06-16T14:46:53.765787+00:00 ubuntu-soc kernel: audit: type=1400 audit(1781621089.345:10): apparmor="STATUS" operation="profile_load" profile="unconfined" name="Xorg_wrap" pid=1057 comm="apparmor_parser"
2026-06-16T14:46:53.765788+00:00 ubuntu-soc kernel: audit: type=1400 audit(1781621089.356:11): apparmor="STATUS" operation="profile_load" profile="unconfined" name="bfdd" pid=1098 comm="apparmor_parser"
2026-06-16T14:46:53.765788+00:00 ubuntu-soc kernel: cfg80211: Loading compiled-in X.509 certificates for regulatory database
2026-06-16T14:46:53.765788+00:00 ubuntu-soc kernel: Loaded X.509 cert 'sforshee: 00b28ddf47aef9cea7'
2026-06-16T14:46:53.765789+00:00 ubuntu-soc kernel: Loaded X.509 cert 'wens: 61c038651aabdcf94bd0ac7ff06c7248db18c600'
2026-06-16T14:46:53.765789+00:00 ubuntu-soc kernel: clocksource: Long readout interval, skipping watchdog check: cs_nsec: 2809003948 wd_nsec: 2809003739
2026-06-16T14:46:53.765790+00:00 ubuntu-soc kernel: kauditd_printk_skb: 171 callbacks suppressed
2026-06-16T14:46:53.765790+00:00 ubuntu-soc kernel: audit: type=1400 audit(1781621212.439:183): apparmor="DENIED" operation="open" class="file" profile="pollinate" name="/usr/share/coreutils/locales/uucore/en-US.ftl" pid=1345 comm="mktemp" requested_mask="r" denied_mask="r" fsuid=101 ouid=0
2026-06-16T14:46:53.765790+00:00 ubuntu-soc kernel: audit: type=1400 audit(1781621212.945:184): apparmor="DENIED" operation="open" class="file" profile="pollinate" name="/usr/share/coreutils/locales/uucore/en-US.ftl" pid=1395 comm="head" requested_mask="r" denied_mask="r" fsuid=101 ouid=0
2026-06-16T14:46:53.765791+00:00 ubuntu-soc kernel: audit: type=1400 audit(1781621213.137:185): apparmor="DENIED" operation="sendmsg" class="file" profile="systemd-detect-virt" name="/apparmor/disconnected/run/systemd/journal/socket" pid=1431 comm="systemd-detect-" requested_mask="w" denied_mask="w" fsuid=0 ouid=0
2026-06-16T14:46:53.765791+00:00 ubuntu-soc kernel: audit: type=1400 audit(1781621213.153:186): apparmor="DENIED" operation="capable" class="cap" profile="systemd-detect-virt" pid=1431 comm="systemd-detect-" capability=38  capname="perfmon"
2026-06-16T14:46:53.765792+00:00 ubuntu-soc kernel: audit: type=1400 audit(1781621213.153:187): apparmor="DENIED" operation="sendmsg" class="file" profile="systemd-detect-virt" name="/apparmor/disconnected/run/systemd/notify" pid=1431 comm="systemd-detect-" requested_mask="w" denied_mask="w" fsuid=0 ouid=0
2026-06-16T14:46:53.765792+00:00 ubuntu-soc kernel: audit: type=1400 audit(1781621213.325:188): apparmor="STATUS" operation="profile_replace" info="same as current profile, skipping" profile="unconfined" name="rsyslogd" pid=1393 comm="apparmor_parser"
2026-06-16T14:46:53.765793+00:00 ubuntu-soc kernel: audit: type=1400 audit(1781621213.437:189): apparmor="DENIED" operation="open" class="file" profile="pollinate" name="/usr/share/coreutils/locales/uucore/en-US.ftl" pid=1484 comm="uname" requested_mask="r" denied_mask="r" fsuid=101 ouid=0
2026-06-16T14:46:53.765379+00:00 ubuntu-soc systemd-fsck[970]: /dev/sda2: clean, 339/131072 files, 50547/524288 blocks
2026-06-16T14:46:53.785136+00:00 ubuntu-soc systemd[1]: Finished systemd-fsck@dev-disk-by\x2duuid-5aa03ea8\x2d8b23\x2d43dc\x2db4b3\x2df57c2b9fb1f1.service - File System Check on /dev/disk/by-uuid/5aa03ea8-8b23-43dc-b4b3-f57c2b9fb1f1.
2026-06-16T14:46:53.785150+00:00 ubuntu-soc systemd[1]: Mounting boot.mount - /boot...
2026-06-16T14:46:53.785155+00:00 ubuntu-soc lvm[964]:   1 logical volume(s) in volume group "ubuntu-vg" now active
2026-06-16T14:46:53.785161+00:00 ubuntu-soc systemd[1]: lvm-activate-ubuntu-vg.service: Deactivated successfully.
2026-06-16T14:46:53.785163+00:00 ubuntu-soc systemd[1]: Mounted boot.mount - /boot.
2026-06-16T14:46:53.785166+00:00 ubuntu-soc systemd[1]: Reached target local-fs.target - Local File Systems.
2026-06-16T14:46:53.785169+00:00 ubuntu-soc systemd[1]: Listening on systemd-sysext.socket - System Extension Image Management.
2026-06-16T14:46:53.785172+00:00 ubuntu-soc systemd[1]: Starting apparmor.service - Load AppArmor profiles...
2026-06-16T14:46:53.785175+00:00 ubuntu-soc systemd[1]: Starting console-setup.service - Set console font and keymap...
2026-06-16T14:46:53.785178+00:00 ubuntu-soc systemd[1]: Starting finalrd.service - Create final runtime dir for shutdown pivot root...
2026-06-16T14:46:53.785181+00:00 ubuntu-soc systemd[1]: Starting kdump-tools.service - Kernel crash dump capture service...
2026-06-16T14:46:53.785184+00:00 ubuntu-soc systemd[1]: Starting netplan-configure.service - Netplan Backend Configuration...
2026-06-16T14:46:53.785188+00:00 ubuntu-soc systemd[1]: Starting plymouth-read-write.service - Tell Plymouth To Write Out Runtime Data...
2026-06-16T14:46:53.785191+00:00 ubuntu-soc systemd[1]: Starting systemd-binfmt.service - Set Up Additional Binary Formats...
2026-06-16T14:46:53.785195+00:00 ubuntu-soc systemd[1]: Starting systemd-tmpfiles-setup.service - Create System Files and Directories...
2026-06-16T14:46:53.785198+00:00 ubuntu-soc systemd[1]: Starting ufw.service - Uncomplicated firewall...
2026-06-16T14:46:53.785201+00:00 ubuntu-soc systemd[1]: Finished finalrd.service - Create final runtime dir for shutdown pivot root.
2026-06-16T14:46:53.785205+00:00 ubuntu-soc apparmor.systemd[1002]: Restarting AppArmor
2026-06-16T14:46:53.785208+00:00 ubuntu-soc systemd[1]: proc-sys-fs-binfmt_misc.automount: Got automount request for /proc/sys/fs/binfmt_misc, triggered by 1015 (systemd-binfmt)
2026-06-16T14:46:53.785211+00:00 ubuntu-soc systemd[1]: Mounting proc-sys-fs-binfmt_misc.mount - Arbitrary Executable File Formats File System...
2026-06-16T14:46:53.785214+00:00 ubuntu-soc systemd[1]: Finished ufw.service - Uncomplicated firewall.
2026-06-16T14:46:53.785217+00:00 ubuntu-soc apparmor.systemd[1002]: Reloading AppArmor profiles
2026-06-16T14:46:53.785221+00:00 ubuntu-soc systemd[1]: Mounted proc-sys-fs-binfmt_misc.mount - Arbitrary Executable File Formats File System.
2026-06-16T14:46:53.785224+00:00 ubuntu-soc systemd[1]: Finished systemd-binfmt.service - Set Up Additional Binary Formats.
2026-06-16T14:46:53.785227+00:00 ubuntu-soc systemd[1]: Finished console-setup.service - Set console font and keymap.
2026-06-16T14:46:53.785230+00:00 ubuntu-soc systemd[1]: Finished plymouth-read-write.service - Tell Plymouth To Write Out Runtime Data.
2026-06-16T14:46:53.785233+00:00 ubuntu-soc systemd[1]: Finished systemd-tmpfiles-setup.service - Create System Files and Directories.
2026-06-16T14:46:53.785236+00:00 ubuntu-soc systemd[1]: Starting ldconfig.service - Rebuild Dynamic Linker Cache...
2026-06-16T14:46:53.785239+00:00 ubuntu-soc systemd[1]: systemd-firstboot.service - Initial Setup skipped, unmet condition check ConditionFirstBoot=yes
2026-06-16T14:46:53.785398+00:00 ubuntu-soc systemd[1]: first-boot-complete.target - First Boot Complete skipped, unmet condition check ConditionFirstBoot=yes
2026-06-16T14:46:53.785407+00:00 ubuntu-soc systemd[1]: Starting systemd-journal-catalog-update.service - Rebuild Journal Catalog...
2026-06-16T14:46:53.785410+00:00 ubuntu-soc systemd[1]: systemd-machine-id-commit.service - Save Transient machine-id to Disk skipped, unmet condition check ConditionPathIsMountPoint=/etc/machine-id
2026-06-16T14:46:53.785414+00:00 ubuntu-soc systemd[1]: Finished ldconfig.service - Rebuild Dynamic Linker Cache.
2026-06-16T14:46:53.785417+00:00 ubuntu-soc systemd[1]: Finished systemd-journal-catalog-update.service - Rebuild Journal Catalog.
2026-06-16T14:46:53.785420+00:00 ubuntu-soc systemd[1]: Starting systemd-update-done.service - Update is Completed...
2026-06-16T14:46:53.785423+00:00 ubuntu-soc systemd[1]: Finished kdump-tools.service - Kernel crash dump capture service.
2026-06-16T14:46:53.785426+00:00 ubuntu-soc systemd[1]: Finished systemd-update-done.service - Update is Completed.
2026-06-16T14:46:53.785429+00:00 ubuntu-soc systemd[1]: Finished netplan-configure.service - Netplan Backend Configuration.
2026-06-16T14:46:53.785432+00:00 ubuntu-soc systemd[1]: Reached target sound.target - Sound Card.
2026-06-16T14:46:53.785435+00:00 ubuntu-soc systemd[1]: Finished apparmor.service - Load AppArmor profiles.
2026-06-16T14:46:53.785438+00:00 ubuntu-soc systemd[1]: Starting snapd.apparmor.service - Load AppArmor profiles managed internally by snapd...
2026-06-16T14:46:53.785441+00:00 ubuntu-soc systemd[1]: vgauth.service - Authentication service for virtual machines hosted on VMware skipped, unmet condition check ConditionVirtualization=vmware
2026-06-16T14:46:53.785444+00:00 ubuntu-soc systemd[1]: open-vm-tools.service - Service for virtual machines hosted on VMware skipped, unmet condition check ConditionVirtualization=vmware
2026-06-16T14:46:53.785447+00:00 ubuntu-soc systemd[1]: Starting cloud-init-local.service - Cloud-init: Local Stage (pre-network)...
2026-06-16T14:46:53.785450+00:00 ubuntu-soc snapd-apparmor[1245]: main.go:143: No profiles to load
2026-06-16T14:46:53.785454+00:00 ubuntu-soc systemd[1]: Finished snapd.apparmor.service - Load AppArmor profiles managed internally by snapd.
2026-06-16T14:46:53.785457+00:00 ubuntu-soc cloud-init[1260]: Cloud-init v. 26.1-0ubuntu2 running 'init-local' at Tue, 16 Jun 2026 14:44:50 +0000. Up 8.79 seconds.
2026-06-16T14:46:53.785460+00:00 ubuntu-soc systemd[1]: Finished cloud-init-local.service - Cloud-init: Local Stage (pre-network).
2026-06-16T14:46:53.785463+00:00 ubuntu-soc systemd[1]: Reached target network-pre.target - Preparation for Network.
2026-06-16T14:46:53.785466+00:00 ubuntu-soc systemd[1]: Starting cloud-init-network.service - Cloud-init: Network Stage...
2026-06-16T14:46:53.785468+00:00 ubuntu-soc systemd[1]: Starting systemd-networkd.service - Network Management...
2026-06-16T14:46:53.785471+00:00 ubuntu-soc cloud-init[1260]: Cloud-init v. 26.1-0ubuntu2 running 'init' at Tue, 16 Jun 2026 14:44:50 +0000. Up 8.85 seconds.
2026-06-16T14:46:53.785474+00:00 ubuntu-soc systemd[1]: netplan-ovs-cleanup.service - OpenVSwitch configuration for cleanup skipped, unmet condition check ConditionFileIsExecutable=/usr/bin/ovs-vsctl
2026-06-16T14:46:53.785477+00:00 ubuntu-soc systemd-networkd[1263]: lo: Link UP
2026-06-16T14:46:53.785480+00:00 ubuntu-soc systemd-networkd[1263]: lo: Gained carrier
2026-06-16T14:46:53.785483+00:00 ubuntu-soc systemd-networkd[1263]: enp0s3: Link UP
2026-06-16T14:46:53.785487+00:00 ubuntu-soc systemd-networkd[1263]: enp0s3: Gained carrier
2026-06-16T14:46:53.785490+00:00 ubuntu-soc systemd-networkd[1263]: enp0s3: Gained IPv6LL
2026-06-16T14:46:53.785493+00:00 ubuntu-soc systemd[1]: Started systemd-networkd.service - Network Management.
2026-06-16T14:46:53.785496+00:00 ubuntu-soc systemd-networkd[1263]: enp0s3: Configuring with /run/systemd/network/10-netplan-enp0s3.network.
2026-06-16T14:46:53.785498+00:00 ubuntu-soc systemd[1]: Reached target network.target - Network.
2026-06-16T14:46:53.785511+00:00 ubuntu-soc systemd[1]: Starting systemd-networkd-persistent-storage.service - Enable Persistent Storage in systemd-networkd...
2026-06-16T14:46:53.785516+00:00 ubuntu-soc systemd[1]: Starting systemd-networkd-wait-online.service - Wait for Network to be Online...
2026-06-16T14:46:53.785519+00:00 ubuntu-soc systemd[1]: Finished systemd-networkd-persistent-storage.service - Enable Persistent Storage in systemd-networkd.
2026-06-16T14:46:53.785522+00:00 ubuntu-soc systemd-networkd-wait-online[1274]: Timeout occurred while waiting for network connectivity.
2026-06-16T14:46:53.785525+00:00 ubuntu-soc systemd[1]: systemd-networkd-wait-online.service: Main process exited, code=exited, status=1/FAILURE
2026-06-16T14:46:53.785528+00:00 ubuntu-soc systemd[1]: systemd-networkd-wait-online.service: Failed with result 'exit-code'.
2026-06-16T14:46:53.785531+00:00 ubuntu-soc systemd[1]: Failed to start systemd-networkd-wait-online.service - Wait for Network to be Online.
2026-06-16T14:46:53.785539+00:00 ubuntu-soc cloud-init[1260]: 2026-06-16 14:46:51,089 - ubuntu.py[ERROR]: Failed to wait for network: Unexpected error while running command.
2026-06-16T14:46:53.785543+00:00 ubuntu-soc cloud-init[1260]: Command: ['systemctl', 'start', 'systemd-networkd-wait-online.service']
2026-06-16T14:46:53.785547+00:00 ubuntu-soc cloud-init[1260]: Exit code: 1
2026-06-16T14:46:53.785550+00:00 ubuntu-soc cloud-init[1260]: Reason: -
2026-06-16T14:46:53.785552+00:00 ubuntu-soc cloud-init[1260]: Stdout:
2026-06-16T14:46:53.785555+00:00 ubuntu-soc cloud-init[1260]: Stderr: Job for systemd-networkd-wait-online.service failed because the control process exited with error code.
2026-06-16T14:46:53.785563+00:00 ubuntu-soc cloud-init[1260]:         See "systemctl status systemd-networkd-wait-online.service" and "journalctl -xeu systemd-networkd-wait-online.service" for details.
2026-06-16T14:46:53.785567+00:00 ubuntu-soc cloud-init[1260]: ci-info: ++++++++++++++++++++++++++++++++++++Net device info++++++++++++++++++++++++++++++++++++
2026-06-16T14:46:53.785571+00:00 ubuntu-soc cloud-init[1260]: ci-info: +--------+------+-----------------------------+-----------+-------+-------------------+
2026-06-16T14:46:53.785574+00:00 ubuntu-soc cloud-init[1260]: ci-info: | Device |  Up  |           Address           |    Mask   | Scope |     Hw-Address    |
2026-06-16T14:46:53.785576+00:00 ubuntu-soc cloud-init[1260]: ci-info: +--------+------+-----------------------------+-----------+-------+-------------------+
2026-06-16T14:46:53.785579+00:00 ubuntu-soc cloud-init[1260]: ci-info: | enp0s3 | True | fe80::a00:27ff:feba:4927/64 |     .     |  link | 08:00:27:ba:49:27 |
2026-06-16T14:46:53.785587+00:00 ubuntu-soc cloud-init[1260]: ci-info: |   lo   | True |          127.0.0.1          | 255.0.0.0 |  host |         .         |
2026-06-16T14:46:53.785591+00:00 ubuntu-soc cloud-init[1260]: ci-info: |   lo   | True |           ::1/128           |     .     |  host |         .         |
2026-06-16T14:46:53.785594+00:00 ubuntu-soc cloud-init[1260]: ci-info: +--------+------+-----------------------------+-----------+-------+-------------------+
2026-06-16T14:46:53.785597+00:00 ubuntu-soc cloud-init[1260]: ci-info: +++++++++++++++++++Route IPv6 info+++++++++++++++++++
2026-06-16T14:46:53.785600+00:00 ubuntu-soc cloud-init[1260]: ci-info: +-------+-------------+---------+-----------+-------+
2026-06-16T14:46:53.785603+00:00 ubuntu-soc cloud-init[1260]: ci-info: | Route | Destination | Gateway | Interface | Flags |
2026-06-16T14:46:53.785612+00:00 ubuntu-soc cloud-init[1260]: ci-info: +-------+-------------+---------+-----------+-------+
2026-06-16T14:46:53.785615+00:00 ubuntu-soc cloud-init[1260]: ci-info: |   0   |  fe80::/64  |    ::   |   enp0s3  |   U   |
2026-06-16T14:46:53.785618+00:00 ubuntu-soc cloud-init[1260]: ci-info: |   2   |    local    |    ::   |   enp0s3  |   U   |
2026-06-16T14:46:53.785621+00:00 ubuntu-soc cloud-init[1260]: ci-info: |   3   |  multicast  |    ::   |   enp0s3  |   U   |
2026-06-16T14:46:53.785624+00:00 ubuntu-soc cloud-init[1260]: ci-info: +-------+-------------+---------+-----------+-------+
2026-06-16T14:46:53.785637+00:00 ubuntu-soc systemd[1]: Finished cloud-init-network.service - Cloud-init: Network Stage.
2026-06-16T14:46:53.785641+00:00 ubuntu-soc systemd[1]: Reached target cloud-config.target - Cloud-config availability.
2026-06-16T14:46:53.785643+00:00 ubuntu-soc systemd[1]: Reached target network-online.target - Network is Online.
2026-06-16T14:46:53.785646+00:00 ubuntu-soc systemd[1]: Reached target sysinit.target - System Initialization.
2026-06-16T14:46:53.785650+00:00 ubuntu-soc systemd[1]: apport-autoreport.path - Process error reports when automatic reporting is enabled (file watch) skipped, unmet condition check ConditionPathExists=/var/lib/apport/autoreport
2026-06-16T14:46:53.785653+00:00 ubuntu-soc systemd[1]: tpm-udev.path - Handle dynamically added tpm devices skipped, unmet condition check ConditionVirtualization=container
2026-06-16T14:46:53.785661+00:00 ubuntu-soc systemd[1]: apport-autoreport.timer - Process error reports when automatic reporting is enabled (timer based) skipped, unmet condition check ConditionPathExists=/var/lib/apport/autoreport
2026-06-16T14:46:53.785665+00:00 ubuntu-soc systemd[1]: Started apt-daily.timer - Daily apt download activities.
2026-06-16T14:46:53.785668+00:00 ubuntu-soc systemd[1]: Started apt-daily-upgrade.timer - Daily apt upgrade and clean activities.
2026-06-16T14:46:53.785671+00:00 ubuntu-soc systemd[1]: Started dpkg-db-backup.timer - Daily dpkg database backup timer.
2026-06-16T14:46:53.785674+00:00 ubuntu-soc systemd[1]: Started e2scrub_all.timer - Periodic ext4 Online Metadata Check for All Filesystems.
2026-06-16T14:46:53.785676+00:00 ubuntu-soc systemd[1]: Started fstrim.timer - Discard unused filesystem blocks once a week.
2026-06-16T14:46:53.785685+00:00 ubuntu-soc systemd[1]: Started fwupd-refresh.timer - Refresh fwupd metadata regularly.
2026-06-16T14:46:53.785689+00:00 ubuntu-soc systemd[1]: Started logrotate.timer - Daily rotation of log files.
2026-06-16T14:46:53.785692+00:00 ubuntu-soc systemd[1]: Started man-db.timer - Daily man-db regeneration.
2026-06-16T14:46:53.785694+00:00 ubuntu-soc systemd[1]: Started motd-news.timer - Message of the Day.
2026-06-16T14:46:53.785697+00:00 ubuntu-soc systemd[1]: snapd.snap-repair.timer - Timer to automatically fetch and run repair assertions skipped, no trigger condition checks were met.
2026-06-16T14:46:53.785700+00:00 ubuntu-soc systemd[1]: Started sysstat-collect.timer - Run system activity accounting tool every 10 minutes.
